Archive member included to satisfy reference by file (symbol)

C:/Users/narus/Documents/University/PART_III/SEM_2/COMPSYS_303/Labs/Lab2/lab2Remote/cs303_lab2/NIOS_II/cs303_lab2_bsp/\libhal_bsp.a(alt_load.o)
                              C:/Users/narus/Documents/University/PART_III/SEM_2/COMPSYS_303/Labs/Lab2/lab2Remote/cs303_lab2/NIOS_II/cs303_lab2_bsp//obj/HAL/src/crt0.o (alt_load)
C:/Users/narus/Documents/University/PART_III/SEM_2/COMPSYS_303/Labs/Lab2/lab2Remote/cs303_lab2/NIOS_II/cs303_lab2_bsp/\libhal_bsp.a(alt_main.o)
                              C:/Users/narus/Documents/University/PART_III/SEM_2/COMPSYS_303/Labs/Lab2/lab2Remote/cs303_lab2/NIOS_II/cs303_lab2_bsp//obj/HAL/src/crt0.o (alt_main)
C:/Users/narus/Documents/University/PART_III/SEM_2/COMPSYS_303/Labs/Lab2/lab2Remote/cs303_lab2/NIOS_II/cs303_lab2_bsp/\libhal_bsp.a(alt_sys_init.o)
                              C:/Users/narus/Documents/University/PART_III/SEM_2/COMPSYS_303/Labs/Lab2/lab2Remote/cs303_lab2/NIOS_II/cs303_lab2_bsp/\libhal_bsp.a(alt_main.o) (alt_irq_init)
C:/Users/narus/Documents/University/PART_III/SEM_2/COMPSYS_303/Labs/Lab2/lab2Remote/cs303_lab2/NIOS_II/cs303_lab2_bsp/\libhal_bsp.a(altera_avalon_jtag_uart_fd.o)
                              C:/Users/narus/Documents/University/PART_III/SEM_2/COMPSYS_303/Labs/Lab2/lab2Remote/cs303_lab2/NIOS_II/cs303_lab2_bsp/\libhal_bsp.a(alt_sys_init.o) (altera_avalon_jtag_uart_read_fd)
C:/Users/narus/Documents/University/PART_III/SEM_2/COMPSYS_303/Labs/Lab2/lab2Remote/cs303_lab2/NIOS_II/cs303_lab2_bsp/\libhal_bsp.a(altera_avalon_jtag_uart_init.o)
                              C:/Users/narus/Documents/University/PART_III/SEM_2/COMPSYS_303/Labs/Lab2/lab2Remote/cs303_lab2/NIOS_II/cs303_lab2_bsp/\libhal_bsp.a(alt_sys_init.o) (altera_avalon_jtag_uart_init)
C:/Users/narus/Documents/University/PART_III/SEM_2/COMPSYS_303/Labs/Lab2/lab2Remote/cs303_lab2/NIOS_II/cs303_lab2_bsp/\libhal_bsp.a(altera_avalon_jtag_uart_ioctl.o)
                              C:/Users/narus/Documents/University/PART_III/SEM_2/COMPSYS_303/Labs/Lab2/lab2Remote/cs303_lab2/NIOS_II/cs303_lab2_bsp/\libhal_bsp.a(altera_avalon_jtag_uart_fd.o) (altera_avalon_jtag_uart_ioctl)
C:/Users/narus/Documents/University/PART_III/SEM_2/COMPSYS_303/Labs/Lab2/lab2Remote/cs303_lab2/NIOS_II/cs303_lab2_bsp/\libhal_bsp.a(altera_avalon_jtag_uart_read.o)
                              C:/Users/narus/Documents/University/PART_III/SEM_2/COMPSYS_303/Labs/Lab2/lab2Remote/cs303_lab2/NIOS_II/cs303_lab2_bsp/\libhal_bsp.a(altera_avalon_jtag_uart_fd.o) (altera_avalon_jtag_uart_read)
C:/Users/narus/Documents/University/PART_III/SEM_2/COMPSYS_303/Labs/Lab2/lab2Remote/cs303_lab2/NIOS_II/cs303_lab2_bsp/\libhal_bsp.a(altera_avalon_jtag_uart_write.o)
                              C:/Users/narus/Documents/University/PART_III/SEM_2/COMPSYS_303/Labs/Lab2/lab2Remote/cs303_lab2/NIOS_II/cs303_lab2_bsp/\libhal_bsp.a(altera_avalon_jtag_uart_fd.o) (altera_avalon_jtag_uart_write)
C:/Users/narus/Documents/University/PART_III/SEM_2/COMPSYS_303/Labs/Lab2/lab2Remote/cs303_lab2/NIOS_II/cs303_lab2_bsp/\libhal_bsp.a(altera_avalon_lcd_16207.o)
                              C:/Users/narus/Documents/University/PART_III/SEM_2/COMPSYS_303/Labs/Lab2/lab2Remote/cs303_lab2/NIOS_II/cs303_lab2_bsp/\libhal_bsp.a(alt_sys_init.o) (altera_avalon_lcd_16207_init)
C:/Users/narus/Documents/University/PART_III/SEM_2/COMPSYS_303/Labs/Lab2/lab2Remote/cs303_lab2/NIOS_II/cs303_lab2_bsp/\libhal_bsp.a(altera_avalon_lcd_16207_fd.o)
                              C:/Users/narus/Documents/University/PART_III/SEM_2/COMPSYS_303/Labs/Lab2/lab2Remote/cs303_lab2/NIOS_II/cs303_lab2_bsp/\libhal_bsp.a(alt_sys_init.o) (altera_avalon_lcd_16207_write_fd)
C:/Users/narus/Documents/University/PART_III/SEM_2/COMPSYS_303/Labs/Lab2/lab2Remote/cs303_lab2/NIOS_II/cs303_lab2_bsp/\libhal_bsp.a(altera_avalon_timer_sc.o)
                              C:/Users/narus/Documents/University/PART_III/SEM_2/COMPSYS_303/Labs/Lab2/lab2Remote/cs303_lab2/NIOS_II/cs303_lab2_bsp/\libhal_bsp.a(alt_sys_init.o) (alt_avalon_timer_sc_init)
C:/Users/narus/Documents/University/PART_III/SEM_2/COMPSYS_303/Labs/Lab2/lab2Remote/cs303_lab2/NIOS_II/cs303_lab2_bsp/\libhal_bsp.a(altera_avalon_uart_fd.o)
                              C:/Users/narus/Documents/University/PART_III/SEM_2/COMPSYS_303/Labs/Lab2/lab2Remote/cs303_lab2/NIOS_II/cs303_lab2_bsp/\libhal_bsp.a(alt_sys_init.o) (altera_avalon_uart_read_fd)
C:/Users/narus/Documents/University/PART_III/SEM_2/COMPSYS_303/Labs/Lab2/lab2Remote/cs303_lab2/NIOS_II/cs303_lab2_bsp/\libhal_bsp.a(altera_avalon_uart_init.o)
                              C:/Users/narus/Documents/University/PART_III/SEM_2/COMPSYS_303/Labs/Lab2/lab2Remote/cs303_lab2/NIOS_II/cs303_lab2_bsp/\libhal_bsp.a(alt_sys_init.o) (altera_avalon_uart_init)
C:/Users/narus/Documents/University/PART_III/SEM_2/COMPSYS_303/Labs/Lab2/lab2Remote/cs303_lab2/NIOS_II/cs303_lab2_bsp/\libhal_bsp.a(altera_avalon_uart_read.o)
[...]
Memory Configuration

Name             Origin             Length             Attributes
reset            0x0000000000800000 0x0000000000000020
sdram            0x0000000000800020 0x00000000007fffe0
onchip_mem       0x0000000001008000 0x0000000000007800
*default*        0x0000000000000000 0xffffffffffffffff

Linker script and memory map

LOAD C:/Users/narus/Documents/University/PART_III/SEM_2/COMPSYS_303/Labs/Lab2/lab2Remote/cs303_lab2/NIOS_II/cs303_lab2_bsp//obj/HAL/src/crt0.o
LOAD obj/default/hello_world.o
LOAD obj/default/sccharts.o
LOAD c:/intelfpga_lite/18.1/nios2eds/bin/gnu/h-x86_64-mingw32/bin/../lib/gcc/nios2-elf/5.3.0/../../../../../H-x86_64-mingw32/nios2-elf/lib\libstdc++.a
LOAD c:/intelfpga_lite/18.1/nios2eds/bin/gnu/h-x86_64-mingw32/bin/../lib/gcc/nios2-elf/5.3.0/../../../../../H-x86_64-mingw32/nios2-elf/lib\libm.a
LOAD c:/intelfpga_lite/18.1/nios2eds/bin/gnu/h-x86_64-mingw32/bin/../lib/gcc/nios2-elf/5.3.0\libgcc.a
START GROUP
LOAD c:/intelfpga_lite/18.1/nios2eds/bin/gnu/h-x86_64-mingw32/bin/../lib/gcc/nios2-elf/5.3.0/../../../../../H-x86_64-mingw32/nios2-elf/lib\libc.a
LOAD c:/intelfpga_lite/18.1/nios2eds/bin/gnu/h-x86_64-mingw32/bin/../lib/gcc/nios2-elf/5.3.0\libgcc.a
LOAD C:/Users/narus/Documents/University/PART_III/SEM_2/COMPSYS_303/Labs/Lab2/lab2Remote/cs303_lab2/NIOS_II/cs303_lab2_bsp/\libhal_bsp.a
LOAD c:/intelfpga_lite/18.1/nios2eds/bin/gnu/h-x86_64-mingw32/bin/../lib/gcc/nios2-elf/5.3.0/../../../../../H-x86_64-mingw32/nios2-elf/lib\libm.a
END GROUP
LOAD c:/intelfpga_lite/18.1/nios2eds/bin/gnu/h-x86_64-mingw32/bin/../lib/gcc/nios2-elf/5.3.0\libgcc.a
                0x0000000000800000                __alt_mem_sdram = 0x800000
                0x0000000001008000                __alt_mem_onchip_mem = 0x1008000

.entry          0x0000000000800000       0x20
 *(.entry)
 .entry         0x0000000000800000       0x20 C:/Users/narus/Documents/University/PART_III/SEM_2/COMPSYS_303/Labs/Lab2/lab2Remote/cs303_lab2/NIOS_II/cs303_lab2_bsp//obj/HAL/src/crt0.o
                0x0000000000800000                __reset

.exceptions     0x0000000000800020      0x224
                0x0000000000800020                PROVIDE (__ram_exceptions_start, ABSOLUTE (.))
                0x0000000000800020                . = ALIGN (0x20)
 *(.irq)
 *(.exceptions.entry.label)
 .exceptions.entry.label
                0x0000000000800020        0x0 C:/Users/narus/Documents/University/PART_III/SEM_2/COMPSYS_303/Labs/Lab2/lab2Remote/cs303_lab2/NIOS_II/cs303_lab2_bsp/\libhal_bsp.a(alt_irq_entry.o)
                0x0000000000800020                alt_irq_entry
 .exceptions.entry.label
                0x0000000000800020        0x0 C:/Users/narus/Documents/University/PART_III/SEM_2/COMPSYS_303/Labs/Lab2/lab2Remote/cs303_lab2/NIOS_II/cs303_lab2_bsp/\libhal_bsp.a(alt_exception_entry.o)
                0x0000000000800020                alt_exception
 *(.exceptions.entry.user)
 *(.exceptions.entry.ecc_fatal)
 *(.exceptions.entry)
 .exceptions.entry
                0x0000000000800020       0x54 C:/Users/narus/Documents/University/PART_III/SEM_2/COMPSYS_303/Labs/Lab2/lab2Remote/cs303_lab2/NIOS_II/cs303_lab2_bsp/\libhal_bsp.a(alt_exception_entry.o)
 *(.exceptions.irqtest.user)
 *(.exceptions.irqtest)
 .exceptions.irqtest
                0x0000000000800074       0x10 C:/Users/narus/Documents/University/PART_III/SEM_2/COMPSYS_303/Labs/Lab2/lab2Remote/cs303_lab2/NIOS_II/cs303_lab2_bsp/\libhal_bsp.a(alt_irq_entry.o)
 *(.exceptions.irqhandler.user)
 *(.exceptions.irqhandler)
 .exceptions.irqhandler
                0x0000000000800084        0x4 C:/Users/narus/Documents/University/PART_III/SEM_2/COMPSYS_303/Labs/Lab2/lab2Remote/cs303_lab2/NIOS_II/cs303_lab2_bsp/\libhal_bsp.a(alt_irq_entry.o)
 *(.exceptions.irqreturn.user)
 *(.exceptions.irqreturn)
 .exceptions.irqreturn
                0x0000000000800088        0x4 C:/Users/narus/Documents/University/PART_III/SEM_2/COMPSYS_303/Labs/Lab2/lab2Remote/cs303_lab2/NIOS_II/cs303_lab2_bsp/\libhal_bsp.a(alt_irq_entry.o)
 *(.exceptions.notirq.label)
 .exceptions.notirq.label
                0x000000000080008c        0x0 C:/Users/narus/Documents/University/PART_III/SEM_2/COMPSYS_303/Labs/Lab2/lab2Remote/cs303_lab2/NIOS_II/cs303_lab2_bsp/\libhal_bsp.a(alt_irq_entry.o)
 *(.exceptions.notirq.user)
 *(.exceptions.notirq)
 .exceptions.notirq
                0x000000000080008c        0x8 C:/Users/narus/Documents/University/PART_III/SEM_2/COMPSYS_303/Labs/Lab2/lab2Remote/cs303_lab2/NIOS_II/cs303_lab2_bsp/\libhal_bsp.a(alt_exception_entry.o)
 *(.exceptions.soft.user)
 *(.exceptions.soft)
 *(.exceptions.unknown.user)
 *(.exceptions.unknown)
 .exceptions.unknown
                0x0000000000800094       0x14 C:/Users/narus/Documents/University/PART_III/SEM_2/COMPSYS_303/Labs/Lab2/lab2Remote/cs303_lab2/NIOS_II/cs303_lab2_bsp/\libhal_bsp.a(alt_exception_entry.o)
 *(.exceptions.exit.label)
 .exceptions.exit.label
                0x00000000008000a8        0x0 C:/Users/narus/Documents/University/PART_III/SEM_2/COMPSYS_303/Labs/Lab2/lab2Remote/cs303_lab2/NIOS_II/cs303_lab2_bsp/\libhal_bsp.a(alt_irq_entry.o)
 .exceptions.exit.label
                0x00000000008000a8        0x0 C:/Users/narus/Documents/University/PART_III/SEM_2/COMPSYS_303/Labs/Lab2/lab2Remote/cs303_lab2/NIOS_II/cs303_lab2_bsp/\libhal_bsp.a(alt_exception_entry.o)
 *(.exceptions.exit.user)
 *(.exceptions.exit)
 .exceptions.exit
                0x00000000008000a8       0x54 C:/Users/narus/Documents/University/PART_III/SEM_2/COMPSYS_303/Labs/Lab2/lab2Remote/cs303_lab2/NIOS_II/cs303_lab2_bsp/\libhal_bsp.a(alt_exception_entry.o)
 *(.exceptions)
 .exceptions    0x00000000008000fc       0xd4 C:/Users/narus/Documents/University/PART_III/SEM_2/COMPSYS_303/Labs/Lab2/lab2Remote/cs303_lab2/NIOS_II/cs303_lab2_bsp/\libhal_bsp.a(alt_irq_handler.o)
                0x00000000008000fc                alt_irq_handler
 .exceptions    0x00000000008001d0       0x74 C:/Users/narus/Documents/University/PART_III/SEM_2/COMPSYS_303/Labs/Lab2/lab2Remote/cs303_lab2/NIOS_II/cs303_lab2_bsp/\libhal_bsp.a(alt_instruction_exception_entry.o)
                0x00000000008001d0                alt_instruction_exception_entry
                0x0000000000800244                PROVIDE (__ram_exceptions_end, ABSOLUTE (.))
                0x0000000000800020                PROVIDE (__flash_exceptions_start, LOADADDR (.exceptions))

.text           0x0000000000800244     0x4808
                [!provide]                        PROVIDE (stext, ABSOLUTE (.))
 *(.interp)
 *(.hash)
 *(.dynsym)
 *(.dynstr)
 *(.gnu.version)
 *(.gnu.version_d)
 *(.gnu.version_r)
 *(.rel.init)
 *(.rela.init)
 *(.rel.text .rel.text.* .rel.gnu.linkonce.t.*)
 *(.rela.text .rela.text.* .rela.gnu.linkonce.t.*)
 *(.rel.fini)
 *(.rela.fini)
 *(.rel.rodata .rel.rodata.* .rel.gnu.linkonce.r.*)
 *(.rela.rodata .rela.rodata.* .rela.gnu.linkonce.r.*)
 *(.rel.data .rel.data.* .rel.gnu.linkonce.d.*)
 *(.rela.data .rela.data.* .rela.gnu.linkonce.d.*)
 *(.rel.tdata .rel.tdata.* .rel.gnu.linkonce.td.*)
 *(.rela.tdata .rela.tdata.* .rela.gnu.linkonce.td.*)
 *(.rel.tbss .rel.tbss.* .rel.gnu.linkonce.tb.*)
 *(.rela.tbss .rela.tbss.* .rela.gnu.linkonce.tb.*)
 *(.rel.ctors)
 *(.rela.ctors)
 *(.rel.dtors)
 *(.rela.dtors)
 *(.rel.got)
 *(.rela.got)
 *(.rel.sdata .rel.sdata.* .rel.gnu.linkonce.s.*)
 *(.rela.sdata .rela.sdata.* .rela.gnu.linkonce.s.*)
 *(.rel.sbss .rel.sbss.* .rel.gnu.linkonce.sb.*)
 *(.rela.sbss .rela.sbss.* .rela.gnu.linkonce.sb.*)
 *(.rel.sdata2 .rel.sdata2.* .rel.gnu.linkonce.s2.*)
 *(.rela.sdata2 .rela.sdata2.* .rela.gnu.linkonce.s2.*)
 *(.rel.sbss2 .rel.sbss2.* .rel.gnu.linkonce.sb2.*)
 *(.rela.sbss2 .rela.sbss2.* .rela.gnu.linkonce.sb2.*)
 *(.rel.bss .rel.bss.* .rel.gnu.linkonce.b.*)
 *(.rela.bss .rela.bss.* .rela.gnu.linkonce.b.*)
 *(.rel.plt)
 *(.rela.plt)
 *(.rel.dyn)
 *(.init)
 *(.plt)
 *(.text .stub .text.* .gnu.linkonce.t.*)
 .text          0x0000000000800244       0x4c C:/Users/narus/Documents/University/PART_III/SEM_2/COMPSYS_303/Labs/Lab2/lab2Remote/cs303_lab2/NIOS_II/cs303_lab2_bsp//obj/HAL/src/crt0.o
                0x0000000000800244                _start
 .text          0x0000000000800290       0xe8 obj/default/hello_world.o
                0x0000000000800290                main
 .text          0x0000000000800378      0x738 obj/default/sccharts.o
                0x0000000000800378                logic
                0x00000000008009ec                reset
                0x0000000000800a44                tick
 .text          0x0000000000800ab0       0xec C:/Users/narus/Documents/University/PART_III/SEM_2/COMPSYS_303/Labs/Lab2/lab2Remote/cs303_lab2/NIOS_II/cs303_lab2_bsp/\libhal_bsp.a(alt_load.o)
                0x0000000000800b18                alt_load
 .text          0x0000000000800b9c       0x7c C:/Users/narus/Documents/University/PART_III/SEM_2/COMPSYS_303/Labs/Lab2/lab2Remote/cs303_lab2/NIOS_II/cs303_lab2_bsp/\libhal_bsp.a(alt_main.o)
                0x0000000000800b9c                alt_main
 .text          0x0000000000800c18      0x104 C:/Users/narus/Documents/University/PART_III/SEM_2/COMPSYS_303/Labs/Lab2/lab2Remote/cs303_lab2/NIOS_II/cs303_lab2_bsp/\libhal_bsp.a(alt_sys_init.o)
                0x0000000000800c4c                alt_irq_init
                0x0000000000800c84                alt_sys_init
 .text          0x0000000000800d1c      0x164 C:/Users/narus/Documents/University/PART_III/SEM_2/COMPSYS_303/Labs/Lab2/lab2Remote/cs303_lab2/NIOS_II/cs303_lab2_bsp/\libhal_bsp.a(altera_avalon_jtag_uart_fd.o)
                0x0000000000800d1c                altera_avalon_jtag_uart_read_fd
                0x0000000000800d7c                altera_avalon_jtag_uart_write_fd
                0x0000000000800ddc                altera_avalon_jtag_uart_close_fd
                0x0000000000800e2c                altera_avalon_jtag_uart_ioctl_fd
 .text          0x0000000000800e80      0x3d4 C:/Users/narus/Documents/University/PART_III/SEM_2/COMPSYS_303/Labs/Lab2/lab2Remote/cs303_lab2/NIOS_II/cs303_lab2_bsp/\libhal_bsp.a(altera_avalon_jtag_uart_init.o)
                0x0000000000800e80                altera_avalon_jtag_uart_init
                0x00000000008011ec                altera_avalon_jtag_uart_close
 .text          0x0000000000801254       0xf0 C:/Users/narus/Documents/University/PART_III/SEM_2/COMPSYS_303/Labs/Lab2/lab2Remote/cs303_lab2/NIOS_II/cs303_lab2_bsp/\libhal_bsp.a(altera_avalon_jtag_uart_ioctl.o)
                0x0000000000801254                altera_avalon_jtag_uart_ioctl
 .text          0x0000000000801344      0x21c C:/Users/narus/Documents/University/PART_III/SEM_2/COMPSYS_303/Labs/Lab2/lab2Remote/cs303_lab2/NIOS_II/cs303_lab2_bsp/\libhal_bsp.a(altera_avalon_jtag_uart_read.o)
                0x0000000000801344                altera_avalon_jtag_uart_read
 .text          0x0000000000801560      0x224 C:/Users/narus/Documents/University/PART_III/SEM_2/COMPSYS_303/Labs/Lab2/lab2Remote/cs303_lab2/NIOS_II/cs303_lab2_bsp/\libhal_bsp.a(altera_avalon_jtag_uart_write.o)
                0x0000000000801560                altera_avalon_jtag_uart_write
 .text          0x0000000000801784      0xe7c C:/Users/narus/Documents/University/PART_III/SEM_2/COMPSYS_303/Labs/Lab2/lab2Remote/cs303_lab2/NIOS_II/cs303_lab2_bsp/\libhal_bsp.a(altera_avalon_lcd_16207.o)
                0x0000000000801f48                altera_avalon_lcd_16207_write
                0x00000000008024cc                altera_avalon_lcd_16207_init
 .text          0x0000000000802600       0x60 C:/Users/narus/Documents/University/PART_III/SEM_2/COMPSYS_303/Labs/Lab2/lab2Remote/cs303_lab2/NIOS_II/cs303_lab2_bsp/\libhal_bsp.a(altera_avalon_lcd_16207_fd.o)
                0x0000000000802600                altera_avalon_lcd_16207_write_fd
 .text          0x0000000000802660       0xf4 C:/Users/narus/Documents/University/PART_III/SEM_2/COMPSYS_303/Labs/Lab2/lab2Remote/cs303_lab2/NIOS_II/cs303_lab2_bsp/\libhal_bsp.a(altera_avalon_timer_sc.o)
                0x00000000008026d8                alt_avalon_timer_sc_init
 .text          0x0000000000802754      0x110 C:/Users/narus/Documents/University/PART_III/SEM_2/COMPSYS_303/Labs/Lab2/lab2Remote/cs303_lab2/NIOS_II/cs303_lab2_bsp/\libhal_bsp.a(altera_avalon_uart_fd.o)
                0x0000000000802754                altera_avalon_uart_read_fd
                0x00000000008027b4                altera_avalon_uart_write_fd
                0x0000000000802814                altera_avalon_uart_close_fd
 .text          0x0000000000802864      0x3c8 C:/Users/narus/Documents/University/PART_III/SEM_2/COMPSYS_303/Labs/Lab2/lab2Remote/cs303_lab2/NIOS_II/cs303_lab2_bsp/\libhal_bsp.a(altera_avalon_uart_init.o)
                0x0000000000802864                altera_avalon_uart_init
                0x0000000000802bd8                altera_avalon_uart_close
 .text          0x0000000000802c2c      0x218 C:/Users/narus/Documents/University/PART_III/SEM_2/COMPSYS_303/Labs/Lab2/lab2Remote/cs303_lab2/NIOS_II/cs303_lab2_bsp/\libhal_bsp.a(altera_avalon_uart_read.o)
                0x0000000000802c68                altera_avalon_uart_read
 .text          0x0000000000802e44      0x1e8 C:/Users/narus/Documents/University/PART_III/SEM_2/COMPSYS_303/Labs/Lab2/lab2Remote/cs303_lab2/NIOS_II/cs303_lab2_bsp/\libhal_bsp.a(altera_avalon_uart_write.o)
                0x0000000000802e80                altera_avalon_uart_write
 .text          0x000000000080302c      0x12c C:/Users/narus/Documents/University/PART_III/SEM_2/COMPSYS_303/Labs/Lab2/lab2Remote/cs303_lab2/NIOS_II/cs303_lab2_bsp/\libhal_bsp.a(alt_alarm_start.o)
                0x000000000080302c                alt_alarm_start
 .text          0x0000000000803158      0x10c C:/Users/narus/Documents/University/PART_III/SEM_2/COMPSYS_303/Labs/Lab2/lab2Remote/cs303_lab2/NIOS_II/cs303_lab2_bsp/\libhal_bsp.a(alt_close.o)
                0x0000000000803194                close
 .text          0x0000000000803264       0x48 C:/Users/narus/Documents/University/PART_III/SEM_2/COMPSYS_303/Labs/Lab2/lab2Remote/cs303_lab2/NIOS_II/cs303_lab2_bsp/\libhal_bsp.a(alt_dcache_flush_all.o)
                0x0000000000803264                alt_dcache_flush_all
 .text          0x00000000008032ac       0x2c C:/Users/narus/Documents/University/PART_III/SEM_2/COMPSYS_303/Labs/Lab2/lab2Remote/cs303_lab2/NIOS_II/cs303_lab2_bsp/\libhal_bsp.a(alt_dev.o)
 .text          0x00000000008032d8       0xe0 C:/Users/narus/Documents/University/PART_III/SEM_2/COMPSYS_303/Labs/Lab2/lab2Remote/cs303_lab2/NIOS_II/cs303_lab2_bsp/\libhal_bsp.a(alt_dev_llist_insert.o)
                0x0000000000803314                alt_dev_llist_insert
 .text          0x00000000008033b8       0x60 C:/Users/narus/Documents/University/PART_III/SEM_2/COMPSYS_303/Labs/Lab2/lab2Remote/cs303_lab2/NIOS_II/cs303_lab2_bsp/\libhal_bsp.a(alt_do_ctors.o)
                0x00000000008033b8                _do_ctors
 .text          0x0000000000803418       0x60 C:/Users/narus/Documents/University/PART_III/SEM_2/COMPSYS_303/Labs/Lab2/lab2Remote/cs303_lab2/NIOS_II/cs303_lab2_bsp/\libhal_bsp.a(alt_do_dtors.o)
                0x0000000000803418                _do_dtors
 .text          0x0000000000803478        0x0 C:/Users/narus/Documents/University/PART_III/SEM_2/COMPSYS_303/Labs/Lab2/lab2Remote/cs303_lab2/NIOS_II/cs303_lab2_bsp/\libhal_bsp.a(alt_errno.o)
 .text          0x0000000000803478       0x34 C:/Users/narus/Documents/University/PART_III/SEM_2/COMPSYS_303/Labs/Lab2/lab2Remote/cs303_lab2/NIOS_II/cs303_lab2_bsp/\libhal_bsp.a(alt_icache_flush_all.o)
                0x0000000000803478                alt_icache_flush_all
 .text          0x00000000008034ac      0x1b0 C:/Users/narus/Documents/University/PART_III/SEM_2/COMPSYS_303/Labs/Lab2/lab2Remote/cs303_lab2/NIOS_II/cs303_lab2_bsp/\libhal_bsp.a(alt_iic.o)
                0x00000000008034ac                alt_ic_isr_register
                0x00000000008034fc                alt_ic_irq_enable
                0x0000000000803584                alt_ic_irq_disable
                0x0000000000803610                alt_ic_irq_enabled
 .text          0x000000000080365c       0xf0 C:/Users/narus/Documents/University/PART_III/SEM_2/COMPSYS_303/Labs/Lab2/lab2Remote/cs303_lab2/NIOS_II/cs303_lab2_bsp/\libhal_bsp.a(alt_iic_isr_register.o)
                0x000000000080365c                alt_iic_isr_register
 .text          0x000000000080374c      0x140 C:/Users/narus/Documents/University/PART_III/SEM_2/COMPSYS_303/Labs/Lab2/lab2Remote/cs303_lab2/NIOS_II/cs303_lab2_bsp/\libhal_bsp.a(alt_io_redirect.o)
                0x0000000000803810                alt_io_redirect
 .text          0x000000000080388c        0x0 C:/Users/narus/Documents/University/PART_III/SEM_2/COMPSYS_303/Labs/Lab2/lab2Remote/cs303_lab2/NIOS_II/cs303_lab2_bsp/\libhal_bsp.a(alt_irq_entry.o)
 .text          0x000000000080388c        0x0 C:/Users/narus/Documents/University/PART_III/SEM_2/COMPSYS_303/Labs/Lab2/lab2Remote/cs303_lab2/NIOS_II/cs303_lab2_bsp/\libhal_bsp.a(alt_irq_handler.o)
 .text          0x000000000080388c        0x0 C:/Users/narus/Documents/University/PART_III/SEM_2/COMPSYS_303/Labs/Lab2/lab2Remote/cs303_lab2/NIOS_II/cs303_lab2_bsp/\libhal_bsp.a(alt_irq_vars.o)
 .text          0x000000000080388c      0x254 C:/Users/narus/Documents/University/PART_III/SEM_2/COMPSYS_303/Labs/Lab2/lab2Remote/cs303_lab2/NIOS_II/cs303_lab2_bsp/\libhal_bsp.a(alt_open.o)
                0x000000000080398c                open
 .text          0x0000000000803ae0       0x64 C:/Users/narus/Documents/University/PART_III/SEM_2/COMPSYS_303/Labs/Lab2/lab2Remote/cs303_lab2/NIOS_II/cs303_lab2_bsp/\libhal_bsp.a(alt_release_fd.o)
                0x0000000000803ae0                alt_release_fd
 .text          0x0000000000803b44      0x1a4 C:/Users/narus/Documents/University/PART_III/SEM_2/COMPSYS_303/Labs/Lab2/lab2Remote/cs303_lab2/NIOS_II/cs303_lab2_bsp/\libhal_bsp.a(alt_tick.o)
                0x0000000000803b44                alt_alarm_stop
                0x0000000000803be0                alt_tick
 .text          0x0000000000803ce8       0x30 C:/Users/narus/Documents/University/PART_III/SEM_2/COMPSYS_303/Labs/Lab2/lab2Remote/cs303_lab2/NIOS_II/cs303_lab2_bsp/\libhal_bsp.a(alt_usleep.o)
                0x0000000000803ce8                usleep
 .text          0x0000000000803d18       0x24 C:/Users/narus/Documents/University/PART_III/SEM_2/COMPSYS_303/Labs/Lab2/lab2Remote/cs303_lab2/NIOS_II/cs303_lab2_bsp/\libhal_bsp.a(altera_nios2_gen2_irq.o)
                0x0000000000803d18                altera_nios2_gen2_irq_init
 .text          0x0000000000803d3c      0x158 C:/Users/narus/Documents/University/PART_III/SEM_2/COMPSYS_303/Labs/Lab2/lab2Remote/cs303_lab2/NIOS_II/cs303_lab2_bsp/\libhal_bsp.a(alt_busy_sleep.o)
                0x0000000000803d3c                alt_busy_sleep
 .text          0x0000000000803e94        0x0 C:/Users/narus/Documents/University/PART_III/SEM_2/COMPSYS_303/Labs/Lab2/lab2Remote/cs303_lab2/NIOS_II/cs303_lab2_bsp/\libhal_bsp.a(alt_exception_entry.o)
 .text          0x0000000000803e94       0x90 C:/Users/narus/Documents/University/PART_III/SEM_2/COMPSYS_303/Labs/Lab2/lab2Remote/cs303_lab2/NIOS_II/cs303_lab2_bsp/\libhal_bsp.a(alt_find_dev.o)
                0x0000000000803e94                alt_find_dev
 .text          0x0000000000803f24      0x108 C:/Users/narus/Documents/University/PART_III/SEM_2/COMPSYS_303/Labs/Lab2/lab2Remote/cs303_lab2/NIOS_II/cs303_lab2_bsp/\libhal_bsp.a(alt_find_file.o)
                0x0000000000803f24                alt_find_file
 .text          0x000000000080402c       0xa4 C:/Users/narus/Documents/University/PART_III/SEM_2/COMPSYS_303/Labs/Lab2/lab2Remote/cs303_lab2/NIOS_II/cs303_lab2_bsp/\libhal_bsp.a(alt_get_fd.o)
                0x000000000080402c                alt_get_fd
 .text          0x00000000008040d0       0x90 C:/Users/narus/Documents/University/PART_III/SEM_2/COMPSYS_303/Labs/Lab2/lab2Remote/cs303_lab2/NIOS_II/cs303_lab2_bsp/\libhal_bsp.a(alt_icache_flush.o)
                0x00000000008040d0                alt_icache_flush
 .text          0x0000000000804160       0x9c C:/Users/narus/Documents/University/PART_III/SEM_2/COMPSYS_303/Labs/Lab2/lab2Remote/cs303_lab2/NIOS_II/cs303_lab2_bsp/\libhal_bsp.a(alt_instruction_exception_entry.o)
                0x0000000000804160                alt_exception_cause_generated_bad_addr
 .text          0x00000000008041fc        0x0 c:/intelfpga_lite/18.1/nios2eds/bin/gnu/h-x86_64-mingw32/bin/../lib/gcc/nios2-elf/5.3.0/../../../../../H-x86_64-mingw32/nios2-elf/lib\libc.a(lib_a-atexit.o)
 .text.atexit   0x00000000008041fc       0x14 c:/intelfpga_lite/18.1/nios2eds/bin/gnu/h-x86_64-mingw32/bin/../lib/gcc/nios2-elf/5.3.0/../../../../../H-x86_64-mingw32/nios2-elf/lib\libc.a(lib_a-atexit.o)
                0x00000000008041fc                atexit
 .text          0x0000000000804210        0x0 c:/intelfpga_lite/18.1/nios2eds/bin/gnu/h-x86_64-mingw32/bin/../lib/gcc/nios2-elf/5.3.0/../../../../../H-x86_64-mingw32/nios2-elf/lib\libc.a(lib_a-ctype_.o)
 .text          0x0000000000804210        0x0 c:/intelfpga_lite/18.1/nios2eds/bin/gnu/h-x86_64-mingw32/bin/../lib/gcc/nios2-elf/5.3.0/../../../../../H-x86_64-mingw32/nios2-elf/lib\libc.a(lib_a-exit.o)
 .text.exit     0x0000000000804210       0x38 c:/intelfpga_lite/18.1/nios2eds/bin/gnu/h-x86_64-mingw32/bin/../lib/gcc/nios2-elf/5.3.0/../../../../../H-x86_64-mingw32/nios2-elf/lib\libc.a(lib_a-exit.o)
                0x0000000000804210                exit
 .text          0x0000000000804248        0x0 c:/intelfpga_lite/18.1/nios2eds/bin/gnu/h-x86_64-mingw32/bin/../lib/gcc/nios2-elf/5.3.0/../../../../../H-x86_64-mingw32/nios2-elf/lib\libc.a(lib_a-impure.o)
 .text          0x0000000000804248        0x0 c:/intelfpga_lite/18.1/nios2eds/bin/gnu/h-x86_64-mingw32/bin/../lib/gcc/nios2-elf/5.3.0/../../../../../H-x86_64-mingw32/nios2-elf/lib\libc.a(lib_a-int_errno.o)
 .text          0x0000000000804248        0x0 c:/intelfpga_lite/18.1/nios2eds/bin/gnu/h-x86_64-mingw32/bin/../lib/gcc/nios2-elf/5.3.0/../../../../../H-x86_64-mingw32/nios2-elf/lib\libc.a(lib_a-memcmp.o)
 .text.memcmp   0x0000000000804248       0x7c c:/intelfpga_lite/18.1/nios2eds/bin/gnu/h-x86_64-mingw32/bin/../lib/gcc/nios2-elf/5.3.0/../../../../../H-x86_64-mingw32/nios2-elf/lib\libc.a(lib_a-memcmp.o)
                0x0000000000804248                memcmp
 .text          0x00000000008042c4        0x0 c:/intelfpga_lite/18.1/nios2eds/bin/gnu/h-x86_64-mingw32/bin/../lib/gcc/nios2-elf/5.3.0/../../../../../H-x86_64-mingw32/nios2-elf/lib\libc.a(lib_a-memcpy.o)
 .text.memcpy   0x00000000008042c4      0x148 c:/intelfpga_lite/18.1/nios2eds/bin/gnu/h-x86_64-mingw32/bin/../lib/gcc/nios2-elf/5.3.0/../../../../../H-x86_64-mingw32/nios2-elf/lib\libc.a(lib_a-memcpy.o)
                0x00000000008042c4                memcpy
 .text          0x000000000080440c        0x0 c:/intelfpga_lite/18.1/nios2eds/bin/gnu/h-x86_64-mingw32/bin/../lib/gcc/nios2-elf/5.3.0/../../../../../H-x86_64-mingw32/nios2-elf/lib\libc.a(lib_a-memset.o)
 .text.memset   0x000000000080440c      0x128 c:/intelfpga_lite/18.1/nios2eds/bin/gnu/h-x86_64-mingw32/bin/../lib/gcc/nios2-elf/5.3.0/../../../../../H-x86_64-mingw32/nios2-elf/lib\libc.a(lib_a-memset.o)
                0x000000000080440c                memset
 .text          0x0000000000804534        0x0 c:/intelfpga_lite/18.1/nios2eds/bin/gnu/h-x86_64-mingw32/bin/../lib/gcc/nios2-elf/5.3.0/../../../../../H-x86_64-mingw32/nios2-elf/lib\libc.a(lib_a-strlen.o)
 .text.strlen   0x0000000000804534       0x98 c:/intelfpga_lite/18.1/nios2eds/bin/gnu/h-x86_64-mingw32/bin/../lib/gcc/nios2-elf/5.3.0/../../../../../H-x86_64-mingw32/nios2-elf/lib\libc.a(lib_a-strlen.o)
                0x0000000000804534                strlen
 .text          0x00000000008045cc        0x0 c:/intelfpga_lite/18.1/nios2eds/bin/gnu/h-x86_64-mingw32/bin/../lib/gcc/nios2-elf/5.3.0/../../../../../H-x86_64-mingw32/nios2-elf/lib\libc.a(lib_a-__atexit.o)
 .text.__register_exitproc
                0x00000000008045cc      0x118 c:/intelfpga_lite/18.1/nios2eds/bin/gnu/h-x86_64-mingw32/bin/../lib/gcc/nios2-elf/5.3.0/../../../../../H-x86_64-mingw32/nios2-elf/lib\libc.a(lib_a-__atexit.o)
                0x00000000008045cc                __register_exitproc
 .text          0x00000000008046e4        0x0 c:/intelfpga_lite/18.1/nios2eds/bin/gnu/h-x86_64-mingw32/bin/../lib/gcc/nios2-elf/5.3.0/../../../../../H-x86_64-mingw32/nios2-elf/lib\libc.a(lib_a-__call_atexit.o)
 .text.__call_exitprocs
                0x00000000008046e4      0x180 c:/intelfpga_lite/18.1/nios2eds/bin/gnu/h-x86_64-mingw32/bin/../lib/gcc/nios2-elf/5.3.0/../../../../../H-x86_64-mingw32/nios2-elf/lib\libc.a(lib_a-__call_atexit.o)
                0x00000000008046e4                __call_exitprocs
 .text          0x0000000000804864      0x1b4 c:/intelfpga_lite/18.1/nios2eds/bin/gnu/h-x86_64-mingw32/bin/../lib/gcc/nios2-elf/5.3.0\libgcc.a(lib2-divmod.o)
                0x0000000000804864                __divsi3
                0x00000000008048e8                __modsi3
                0x000000000080495c                __udivsi3
                0x00000000008049c0                __umodsi3
 .text          0x0000000000804a18       0x34 C:/Users/narus/Documents/University/PART_III/SEM_2/COMPSYS_303/Labs/Lab2/lab2Remote/cs303_lab2/NIOS_II/cs303_lab2_bsp/\libhal_bsp.a(alt_exit.o)
                0x0000000000804a18                _exit
 *(.gnu.warning.*)
 *(.fini)
                [!provide]                        PROVIDE (__etext, ABSOLUTE (.))
                [!provide]                        PROVIDE (_etext, ABSOLUTE (.))
                [!provide]                        PROVIDE (etext, ABSOLUTE (.))
 *(.eh_frame_hdr)
                0x0000000000804a4c                . = ALIGN (0x4)
                [!provide]                        PROVIDE (__preinit_array_start, ABSOLUTE (.))
 *(.preinit_array)
                [!provide]                        PROVIDE (__preinit_array_end, ABSOLUTE (.))
                [!provide]                        PROVIDE (__init_array_start, ABSOLUTE (.))
 *(.init_array)
                [!provide]                        PROVIDE (__init_array_end, ABSOLUTE (.))
                [!provide]                        PROVIDE (__fini_array_start, ABSOLUTE (.))
 *(.fini_array)
                [!provide]                        PROVIDE (__fini_array_end, ABSOLUTE (.))
 *(.eh_frame)
 *(.gcc_except_table .gcc_except_table.*)
 *(.dynamic)
                0x0000000000804a4c                PROVIDE (__CTOR_LIST__, ABSOLUTE (.))
 *(.ctors)
 *(SORT(.ctors.*))
                0x0000000000804a4c                PROVIDE (__CTOR_END__, ABSOLUTE (.))
                0x0000000000804a4c                PROVIDE (__DTOR_LIST__, ABSOLUTE (.))
 *(.dtors)
 *(SORT(.dtors.*))
                0x0000000000804a4c                PROVIDE (__DTOR_END__, ABSOLUTE (.))
 *(.jcr)
                0x0000000000804a4c                . = ALIGN (0x4)

.rodata         0x0000000000804a4c      0x2c8
                0x0000000000804a4c                PROVIDE (__ram_rodata_start, ABSOLUTE (.))
                0x0000000000804a4c                . = ALIGN (0x4)
 *(.rodata .rodata.* .gnu.linkonce.r.*)
 .rodata        0x0000000000804a4c        0xf C:/Users/narus/Documents/University/PART_III/SEM_2/COMPSYS_303/Labs/Lab2/lab2Remote/cs303_lab2/NIOS_II/cs303_lab2_bsp/\libhal_bsp.a(alt_main.o)
 *fill*         0x0000000000804a5b        0x1 
 .rodata        0x0000000000804a5c       0x26 C:/Users/narus/Documents/University/PART_III/SEM_2/COMPSYS_303/Labs/Lab2/lab2Remote/cs303_lab2/NIOS_II/cs303_lab2_bsp/\libhal_bsp.a(alt_sys_init.o)
 *fill*         0x0000000000804a82        0x2 
 .rodata        0x0000000000804a84        0xa C:/Users/narus/Documents/University/PART_III/SEM_2/COMPSYS_303/Labs/Lab2/lab2Remote/cs303_lab2/NIOS_II/cs303_lab2_bsp/\libhal_bsp.a(alt_dev.o)
 .rodata._ctype_
                0x0000000000804a8e      0x101 c:/intelfpga_lite/18.1/nios2eds/bin/gnu/h-x86_64-mingw32/bin/../lib/gcc/nios2-elf/5.3.0/../../../../../H-x86_64-mingw32/nios2-elf/lib\libc.a(lib_a-ctype_.o)
                0x0000000000804a8e                _ctype_
 .rodata._ctype_b
                0x0000000000804b8f      0x180 c:/intelfpga_lite/18.1/nios2eds/bin/gnu/h-x86_64-mingw32/bin/../lib/gcc/nios2-elf/5.3.0/../../../../../H-x86_64-mingw32/nios2-elf/lib\libc.a(lib_a-ctype_.o)
 *fill*         0x0000000000804d0f        0x1 
 .rodata.str1.4
                0x0000000000804d10        0x4 c:/intelfpga_lite/18.1/nios2eds/bin/gnu/h-x86_64-mingw32/bin/../lib/gcc/nios2-elf/5.3.0/../../../../../H-x86_64-mingw32/nios2-elf/lib\libc.a(lib_a-impure.o)
                                          0x2 (size before relaxing)
 *(.rodata1)
                0x0000000000804d14                . = ALIGN (0x4)
                0x0000000000804d14                PROVIDE (__ram_rodata_end, ABSOLUTE (.))
                0x0000000000804a4c                PROVIDE (__flash_rodata_start, LOADADDR (.rodata))

.rwdata         0x0000000000804d14     0x1844 load address 0x0000000000806558
                0x0000000000804d14                PROVIDE (__ram_rwdata_start, ABSOLUTE (.))
                0x0000000000804d14                . = ALIGN (0x4)
 *(.got.plt)
 *(.got)
 *(.data1)
 *(.data .data.* .gnu.linkonce.d.*)
 .data          0x0000000000804d14        0x0 C:/Users/narus/Documents/University/PART_III/SEM_2/COMPSYS_303/Labs/Lab2/lab2Remote/cs303_lab2/NIOS_II/cs303_lab2_bsp//obj/HAL/src/crt0.o
 .data          0x0000000000804d14        0x0 obj/default/hello_world.o
 .data          0x0000000000804d14        0x0 obj/default/sccharts.o
 .data          0x0000000000804d14        0x0 C:/Users/narus/Documents/University/PART_III/SEM_2/COMPSYS_303/Labs/Lab2/lab2Remote/cs303_lab2/NIOS_II/cs303_lab2_bsp/\libhal_bsp.a(alt_load.o)
 .data          0x0000000000804d14        0x0 C:/Users/narus/Documents/University/PART_III/SEM_2/COMPSYS_303/Labs/Lab2/lab2Remote/cs303_lab2/NIOS_II/cs303_lab2_bsp/\libhal_bsp.a(alt_main.o)
 .data          0x0000000000804d14     0x1244 C:/Users/narus/Documents/University/PART_III/SEM_2/COMPSYS_303/Labs/Lab2/lab2Remote/cs303_lab2/NIOS_II/cs303_lab2_bsp/\libhal_bsp.a(alt_sys_init.o)
 .data          0x0000000000805f58        0x0 C:/Users/narus/Documents/University/PART_III/SEM_2/COMPSYS_303/Labs/Lab2/lab2Remote/cs303_lab2/NIOS_II/cs303_lab2_bsp/\libhal_bsp.a(altera_avalon_jtag_uart_fd.o)
 .data          0x0000000000805f58        0x0 C:/Users/narus/Documents/University/PART_III/SEM_2/COMPSYS_303/Labs/Lab2/lab2Remote/cs303_lab2/NIOS_II/cs303_lab2_bsp/\libhal_bsp.a(altera_avalon_jtag_uart_init.o)
 .data          0x0000000000805f58        0x0 C:/Users/narus/Documents/University/PART_III/SEM_2/COMPSYS_303/Labs/Lab2/lab2Remote/cs303_lab2/NIOS_II/cs303_lab2_bsp/\libhal_bsp.a(altera_avalon_jtag_uart_ioctl.o)
 .data          0x0000000000805f58        0x0 C:/Users/narus/Documents/University/PART_III/SEM_2/COMPSYS_303/Labs/Lab2/lab2Remote/cs303_lab2/NIOS_II/cs303_lab2_bsp/\libhal_bsp.a(altera_avalon_jtag_uart_read.o)
 .data          0x0000000000805f58        0x0 C:/Users/narus/Documents/University/PART_III/SEM_2/COMPSYS_303/Labs/Lab2/lab2Remote/cs303_lab2/NIOS_II/cs303_lab2_bsp/\libhal_bsp.a(altera_avalon_jtag_uart_write.o)
 .data          0x0000000000805f58        0x0 C:/Users/narus/Documents/University/PART_III/SEM_2/COMPSYS_303/Labs/Lab2/lab2Remote/cs303_lab2/NIOS_II/cs303_lab2_bsp/\libhal_bsp.a(altera_avalon_lcd_16207.o)
 .data          0x0000000000805f58        0x0 C:/Users/narus/Documents/University/PART_III/SEM_2/COMPSYS_303/Labs/Lab2/lab2Remote/cs303_lab2/NIOS_II/cs303_lab2_bsp/\libhal_bsp.a(altera_avalon_lcd_16207_fd.o)
 .data          0x0000000000805f58        0x0 C:/Users/narus/Documents/University/PART_III/SEM_2/COMPSYS_303/Labs/Lab2/lab2Remote/cs303_lab2/NIOS_II/cs303_lab2_bsp/\libhal_bsp.a(altera_avalon_timer_sc.o)
 .data          0x0000000000805f58        0x0 C:/Users/narus/Documents/University/PART_III/SEM_2/COMPSYS_303/Labs/Lab2/lab2Remote/cs303_lab2/NIOS_II/cs303_lab2_bsp/\libhal_bsp.a(altera_avalon_uart_fd.o)
 .data          0x0000000000805f58        0x0 C:/Users/narus/Documents/University/PART_III/SEM_2/COMPSYS_303/Labs/Lab2/lab2Remote/cs303_lab2/NIOS_II/cs303_lab2_bsp/\libhal_bsp.a(altera_avalon_uart_init.o)
 .data          0x0000000000805f58        0x0 C:/Users/narus/Documents/University/PART_III/SEM_2/COMPSYS_303/Labs/Lab2/lab2Remote/cs303_lab2/NIOS_II/cs303_lab2_bsp/\libhal_bsp.a(altera_avalon_uart_read.o)
 .data          0x0000000000805f58        0x0 C:/Users/narus/Documents/University/PART_III/SEM_2/COMPSYS_303/Labs/Lab2/lab2Remote/cs303_lab2/NIOS_II/cs303_lab2_bsp/\libhal_bsp.a(altera_avalon_uart_write.o)
 .data          0x0000000000805f58        0x0 C:/Users/narus/Documents/University/PART_III/SEM_2/COMPSYS_303/Labs/Lab2/lab2Remote/cs303_lab2/NIOS_II/cs303_lab2_bsp/\libhal_bsp.a(alt_alarm_start.o)
 .data          0x0000000000805f58        0x0 C:/Users/narus/Documents/University/PART_III/SEM_2/COMPSYS_303/Labs/Lab2/lab2Remote/cs303_lab2/NIOS_II/cs303_lab2_bsp/\libhal_bsp.a(alt_close.o)
 .data          0x0000000000805f58        0x0 C:/Users/narus/Documents/University/PART_III/SEM_2/COMPSYS_303/Labs/Lab2/lab2Remote/cs303_lab2/NIOS_II/cs303_lab2_bsp/\libhal_bsp.a(alt_dcache_flush_all.o)
 .data          0x0000000000805f58      0x1a8 C:/Users/narus/Documents/University/PART_III/SEM_2/COMPSYS_303/Labs/Lab2/lab2Remote/cs303_lab2/NIOS_II/cs303_lab2_bsp/\libhal_bsp.a(alt_dev.o)
                0x0000000000805f58                alt_dev_null
                0x0000000000805f80                alt_fd_list
 .data          0x0000000000806100        0x0 C:/Users/narus/Documents/University/PART_III/SEM_2/COMPSYS_303/Labs/Lab2/lab2Remote/cs303_lab2/NIOS_II/cs303_lab2_bsp/\libhal_bsp.a(alt_dev_llist_insert.o)
 .data          0x0000000000806100        0x0 C:/Users/narus/Documents/University/PART_III/SEM_2/COMPSYS_303/Labs/Lab2/lab2Remote/cs303_lab2/NIOS_II/cs303_lab2_bsp/\libhal_bsp.a(alt_do_ctors.o)
 .data          0x0000000000806100        0x0 C:/Users/narus/Documents/University/PART_III/SEM_2/COMPSYS_303/Labs/Lab2/lab2Remote/cs303_lab2/NIOS_II/cs303_lab2_bsp/\libhal_bsp.a(alt_do_dtors.o)
 .data          0x0000000000806100        0x0 C:/Users/narus/Documents/University/PART_III/SEM_2/COMPSYS_303/Labs/Lab2/lab2Remote/cs303_lab2/NIOS_II/cs303_lab2_bsp/\libhal_bsp.a(alt_errno.o)
 .data          0x0000000000806100        0x0 C:/Users/narus/Documents/University/PART_III/SEM_2/COMPSYS_303/Labs/Lab2/lab2Remote/cs303_lab2/NIOS_II/cs303_lab2_bsp/\libhal_bsp.a(alt_icache_flush_all.o)
 .data          0x0000000000806100        0x0 C:/Users/narus/Documents/University/PART_III/SEM_2/COMPSYS_303/Labs/Lab2/lab2Remote/cs303_lab2/NIOS_II/cs303_lab2_bsp/\libhal_bsp.a(alt_iic.o)
 .data          0x0000000000806100        0x0 C:/Users/narus/Documents/University/PART_III/SEM_2/COMPSYS_303/Labs/Lab2/lab2Remote/cs303_lab2/NIOS_II/cs303_lab2_bsp/\libhal_bsp.a(alt_iic_isr_register.o)
 .data          0x0000000000806100        0x0 C:/Users/narus/Documents/University/PART_III/SEM_2/COMPSYS_303/Labs/Lab2/lab2Remote/cs303_lab2/NIOS_II/cs303_lab2_bsp/\libhal_bsp.a(alt_io_redirect.o)
 .data          0x0000000000806100        0x0 C:/Users/narus/Documents/University/PART_III/SEM_2/COMPSYS_303/Labs/Lab2/lab2Remote/cs303_lab2/NIOS_II/cs303_lab2_bsp/\libhal_bsp.a(alt_irq_entry.o)
 .data          0x0000000000806100        0x0 C:/Users/narus/Documents/University/PART_III/SEM_2/COMPSYS_303/Labs/Lab2/lab2Remote/cs303_lab2/NIOS_II/cs303_lab2_bsp/\libhal_bsp.a(alt_irq_handler.o)
 .data          0x0000000000806100        0x0 C:/Users/narus/Documents/University/PART_III/SEM_2/COMPSYS_303/Labs/Lab2/lab2Remote/cs303_lab2/NIOS_II/cs303_lab2_bsp/\libhal_bsp.a(alt_irq_vars.o)
 .data          0x0000000000806100        0x0 C:/Users/narus/Documents/University/PART_III/SEM_2/COMPSYS_303/Labs/Lab2/lab2Remote/cs303_lab2/NIOS_II/cs303_lab2_bsp/\libhal_bsp.a(alt_open.o)
 .data          0x0000000000806100        0x0 C:/Users/narus/Documents/University/PART_III/SEM_2/COMPSYS_303/Labs/Lab2/lab2Remote/cs303_lab2/NIOS_II/cs303_lab2_bsp/\libhal_bsp.a(alt_release_fd.o)
 .data          0x0000000000806100        0x0 C:/Users/narus/Documents/University/PART_III/SEM_2/COMPSYS_303/Labs/Lab2/lab2Remote/cs303_lab2/NIOS_II/cs303_lab2_bsp/\libhal_bsp.a(alt_tick.o)
 .data          0x0000000000806100        0x0 C:/Users/narus/Documents/University/PART_III/SEM_2/COMPSYS_303/Labs/Lab2/lab2Remote/cs303_lab2/NIOS_II/cs303_lab2_bsp/\libhal_bsp.a(alt_usleep.o)
 .data          0x0000000000806100        0x0 C:/Users/narus/Documents/University/PART_III/SEM_2/COMPSYS_303/Labs/Lab2/lab2Remote/cs303_lab2/NIOS_II/cs303_lab2_bsp/\libhal_bsp.a(altera_nios2_gen2_irq.o)
 .data          0x0000000000806100        0x0 C:/Users/narus/Documents/University/PART_III/SEM_2/COMPSYS_303/Labs/Lab2/lab2Remote/cs303_lab2/NIOS_II/cs303_lab2_bsp/\libhal_bsp.a(alt_busy_sleep.o)
 .data          0x0000000000806100        0x0 C:/Users/narus/Documents/University/PART_III/SEM_2/COMPSYS_303/Labs/Lab2/lab2Remote/cs303_lab2/NIOS_II/cs303_lab2_bsp/\libhal_bsp.a(alt_exception_entry.o)
 .data          0x0000000000806100        0x0 C:/Users/narus/Documents/University/PART_III/SEM_2/COMPSYS_303/Labs/Lab2/lab2Remote/cs303_lab2/NIOS_II/cs303_lab2_bsp/\libhal_bsp.a(alt_find_dev.o)
 .data          0x0000000000806100        0x0 C:/Users/narus/Documents/University/PART_III/SEM_2/COMPSYS_303/Labs/Lab2/lab2Remote/cs303_lab2/NIOS_II/cs303_lab2_bsp/\libhal_bsp.a(alt_find_file.o)
 .data          0x0000000000806100        0x0 C:/Users/narus/Documents/University/PART_III/SEM_2/COMPSYS_303/Labs/Lab2/lab2Remote/cs303_lab2/NIOS_II/cs303_lab2_bsp/\libhal_bsp.a(alt_get_fd.o)
 .data          0x0000000000806100        0x0 C:/Users/narus/Documents/University/PART_III/SEM_2/COMPSYS_303/Labs/Lab2/lab2Remote/cs303_lab2/NIOS_II/cs303_lab2_bsp/\libhal_bsp.a(alt_icache_flush.o)
 .data          0x0000000000806100        0x0 C:/Users/narus/Documents/University/PART_III/SEM_2/COMPSYS_303/Labs/Lab2/lab2Remote/cs303_lab2/NIOS_II/cs303_lab2_bsp/\libhal_bsp.a(alt_instruction_exception_entry.o)
 .data          0x0000000000806100        0x0 c:/intelfpga_lite/18.1/nios2eds/bin/gnu/h-x86_64-mingw32/bin/../lib/gcc/nios2-elf/5.3.0/../../../../../H-x86_64-mingw32/nios2-elf/lib\libc.a(lib_a-atexit.o)
 .data          0x0000000000806100        0x0 c:/intelfpga_lite/18.1/nios2eds/bin/gnu/h-x86_64-mingw32/bin/../lib/gcc/nios2-elf/5.3.0/../../../../../H-x86_64-mingw32/nios2-elf/lib\libc.a(lib_a-ctype_.o)
 .data          0x0000000000806100        0x0 c:/intelfpga_lite/18.1/nios2eds/bin/gnu/h-x86_64-mingw32/bin/../lib/gcc/nios2-elf/5.3.0/../../../../../H-x86_64-mingw32/nios2-elf/lib\libc.a(lib_a-exit.o)
 .data          0x0000000000806100        0x0 c:/intelfpga_lite/18.1/nios2eds/bin/gnu/h-x86_64-mingw32/bin/../lib/gcc/nios2-elf/5.3.0/../../../../../H-x86_64-mingw32/nios2-elf/lib\libc.a(lib_a-impure.o)
 .data.impure_data
                0x0000000000806100      0x424 c:/intelfpga_lite/18.1/nios2eds/bin/gnu/h-x86_64-mingw32/bin/../lib/gcc/nios2-elf/5.3.0/../../../../../H-x86_64-mingw32/nios2-elf/lib\libc.a(lib_a-impure.o)
 .data          0x0000000000806524        0x0 c:/intelfpga_lite/18.1/nios2eds/bin/gnu/h-x86_64-mingw32/bin/../lib/gcc/nios2-elf/5.3.0/../../../../../H-x86_64-mingw32/nios2-elf/lib\libc.a(lib_a-int_errno.o)
 .data          0x0000000000806524        0x0 c:/intelfpga_lite/18.1/nios2eds/bin/gnu/h-x86_64-mingw32/bin/../lib/gcc/nios2-elf/5.3.0/../../../../../H-x86_64-mingw32/nios2-elf/lib\libc.a(lib_a-memcmp.o)
 .data          0x0000000000806524        0x0 c:/intelfpga_lite/18.1/nios2eds/bin/gnu/h-x86_64-mingw32/bin/../lib/gcc/nios2-elf/5.3.0/../../../../../H-x86_64-mingw32/nios2-elf/lib\libc.a(lib_a-memcpy.o)
 .data          0x0000000000806524        0x0 c:/intelfpga_lite/18.1/nios2eds/bin/gnu/h-x86_64-mingw32/bin/../lib/gcc/nios2-elf/5.3.0/../../../../../H-x86_64-mingw32/nios2-elf/lib\libc.a(lib_a-memset.o)
 .data          0x0000000000806524        0x0 c:/intelfpga_lite/18.1/nios2eds/bin/gnu/h-x86_64-mingw32/bin/../lib/gcc/nios2-elf/5.3.0/../../../../../H-x86_64-mingw32/nios2-elf/lib\libc.a(lib_a-strlen.o)
 .data          0x0000000000806524        0x0 c:/intelfpga_lite/18.1/nios2eds/bin/gnu/h-x86_64-mingw32/bin/../lib/gcc/nios2-elf/5.3.0/../../../../../H-x86_64-mingw32/nios2-elf/lib\libc.a(lib_a-__atexit.o)
 .data          0x0000000000806524        0x0 c:/intelfpga_lite/18.1/nios2eds/bin/gnu/h-x86_64-mingw32/bin/../lib/gcc/nios2-elf/5.3.0/../../../../../H-x86_64-mingw32/nios2-elf/lib\libc.a(lib_a-__call_atexit.o)
 .data          0x0000000000806524        0x0 c:/intelfpga_lite/18.1/nios2eds/bin/gnu/h-x86_64-mingw32/bin/../lib/gcc/nios2-elf/5.3.0\libgcc.a(lib2-divmod.o)
 .data          0x0000000000806524        0x0 C:/Users/narus/Documents/University/PART_III/SEM_2/COMPSYS_303/Labs/Lab2/lab2Remote/cs303_lab2/NIOS_II/cs303_lab2_bsp/\libhal_bsp.a(alt_exit.o)
                0x000000000080e524                _gp = ABSOLUTE ((. + 0x8000))
                [!provide]                        PROVIDE (gp, _gp)
 *(.rwdata .rwdata.*)
 *(.sdata .sdata.* .gnu.linkonce.s.*)
 .sdata         0x0000000000806524        0x4 C:/Users/narus/Documents/University/PART_III/SEM_2/COMPSYS_303/Labs/Lab2/lab2Remote/cs303_lab2/NIOS_II/cs303_lab2_bsp/\libhal_bsp.a(altera_avalon_lcd_16207.o)
 .sdata         0x0000000000806528       0x14 C:/Users/narus/Documents/University/PART_III/SEM_2/COMPSYS_303/Labs/Lab2/lab2Remote/cs303_lab2/NIOS_II/cs303_lab2_bsp/\libhal_bsp.a(alt_dev.o)
                0x0000000000806528                alt_fs_list
                0x0000000000806530                alt_dev_list
                0x0000000000806538                alt_max_fd
 .sdata         0x000000000080653c        0x4 C:/Users/narus/Documents/University/PART_III/SEM_2/COMPSYS_303/Labs/Lab2/lab2Remote/cs303_lab2/NIOS_II/cs303_lab2_bsp/\libhal_bsp.a(alt_errno.o)
                0x000000000080653c                alt_errno
 .sdata         0x0000000000806540        0x4 C:/Users/narus/Documents/University/PART_III/SEM_2/COMPSYS_303/Labs/Lab2/lab2Remote/cs303_lab2/NIOS_II/cs303_lab2_bsp/\libhal_bsp.a(alt_irq_vars.o)
                0x0000000000806540                alt_priority_mask
 .sdata         0x0000000000806544        0x8 C:/Users/narus/Documents/University/PART_III/SEM_2/COMPSYS_303/Labs/Lab2/lab2Remote/cs303_lab2/NIOS_II/cs303_lab2_bsp/\libhal_bsp.a(alt_tick.o)
                0x0000000000806544                alt_alarm_list
 .sdata.__ctype_ptr__
                0x000000000080654c        0x4 c:/intelfpga_lite/18.1/nios2eds/bin/gnu/h-x86_64-mingw32/bin/../lib/gcc/nios2-elf/5.3.0/../../../../../H-x86_64-mingw32/nios2-elf/lib\libc.a(lib_a-ctype_.o)
                0x000000000080654c                __ctype_ptr__
 .sdata._global_impure_ptr
                0x0000000000806550        0x4 c:/intelfpga_lite/18.1/nios2eds/bin/gnu/h-x86_64-mingw32/bin/../lib/gcc/nios2-elf/5.3.0/../../../../../H-x86_64-mingw32/nios2-elf/lib\libc.a(lib_a-impure.o)
                0x0000000000806550                _global_impure_ptr
 .sdata._impure_ptr
                0x0000000000806554        0x4 c:/intelfpga_lite/18.1/nios2eds/bin/gnu/h-x86_64-mingw32/bin/../lib/gcc/nios2-elf/5.3.0/../../../../../H-x86_64-mingw32/nios2-elf/lib\libc.a(lib_a-impure.o)
                0x0000000000806554                _impure_ptr
 *(.sdata2 .sdata2.* .gnu.linkonce.s2.*)
                0x0000000000806558                . = ALIGN (0x4)
                0x0000000000806558                _edata = ABSOLUTE (.)
                [!provide]                        PROVIDE (edata, ABSOLUTE (.))
                0x0000000000806558                PROVIDE (__ram_rwdata_end, ABSOLUTE (.))
                0x0000000000806558                PROVIDE (__flash_rwdata_start, LOADADDR (.rwdata))

.bss            0x0000000000807d9c      0x120
                0x0000000000807d9c                __bss_start = ABSOLUTE (.)
                [!provide]                        PROVIDE (__sbss_start, ABSOLUTE (.))
                [!provide]                        PROVIDE (___sbss_start, ABSOLUTE (.))
 *(.dynsbss)
 *(.sbss .sbss.* .gnu.linkonce.sb.*)
 .sbss          0x0000000000807d9c        0xc C:/Users/narus/Documents/University/PART_III/SEM_2/COMPSYS_303/Labs/Lab2/lab2Remote/cs303_lab2/NIOS_II/cs303_lab2_bsp/\libhal_bsp.a(alt_main.o)
                0x0000000000807d9c                alt_argc
                0x0000000000807da0                alt_argv
                0x0000000000807da4                alt_envp
 .sbss          0x0000000000807da8        0x4 C:/Users/narus/Documents/University/PART_III/SEM_2/COMPSYS_303/Labs/Lab2/lab2Remote/cs303_lab2/NIOS_II/cs303_lab2_bsp/\libhal_bsp.a(alt_irq_vars.o)
                0x0000000000807da8                alt_irq_active
 .sbss          0x0000000000807dac        0x8 C:/Users/narus/Documents/University/PART_III/SEM_2/COMPSYS_303/Labs/Lab2/lab2Remote/cs303_lab2/NIOS_II/cs303_lab2_bsp/\libhal_bsp.a(alt_tick.o)
                0x0000000000807dac                _alt_tick_rate
                0x0000000000807db0                _alt_nticks
 .sbss          0x0000000000807db4        0x4 C:/Users/narus/Documents/University/PART_III/SEM_2/COMPSYS_303/Labs/Lab2/lab2Remote/cs303_lab2/NIOS_II/cs303_lab2_bsp/\libhal_bsp.a(alt_instruction_exception_entry.o)
                0x0000000000807db4                alt_instruction_exception_handler
 .sbss          0x0000000000807db8        0x4 c:/intelfpga_lite/18.1/nios2eds/bin/gnu/h-x86_64-mingw32/bin/../lib/gcc/nios2-elf/5.3.0/../../../../../H-x86_64-mingw32/nios2-elf/lib\libc.a(lib_a-int_errno.o)
                0x0000000000807db8                errno
 *(.sbss2 .sbss2.* .gnu.linkonce.sb2.*)
 *(.scommon)
                [!provide]                        PROVIDE (__sbss_end, ABSOLUTE (.))
                [!provide]                        PROVIDE (___sbss_end, ABSOLUTE (.))
 *(.dynbss)
 *(.bss .bss.* .gnu.linkonce.b.*)
 .bss           0x0000000000807dbc        0x0 C:/Users/narus/Documents/University/PART_III/SEM_2/COMPSYS_303/Labs/Lab2/lab2Remote/cs303_lab2/NIOS_II/cs303_lab2_bsp//obj/HAL/src/crt0.o
 .bss           0x0000000000807dbc        0x0 obj/default/hello_world.o
 .bss           0x0000000000807dbc        0x0 obj/default/sccharts.o
 .bss           0x0000000000807dbc        0x0 C:/Users/narus/Documents/University/PART_III/SEM_2/COMPSYS_303/Labs/Lab2/lab2Remote/cs303_lab2/NIOS_II/cs303_lab2_bsp/\libhal_bsp.a(alt_load.o)
 .bss           0x0000000000807dbc        0x0 C:/Users/narus/Documents/University/PART_III/SEM_2/COMPSYS_303/Labs/Lab2/lab2Remote/cs303_lab2/NIOS_II/cs303_lab2_bsp/\libhal_bsp.a(alt_main.o)
 .bss           0x0000000000807dbc        0x0 C:/Users/narus/Documents/University/PART_III/SEM_2/COMPSYS_303/Labs/Lab2/lab2Remote/cs303_lab2/NIOS_II/cs303_lab2_bsp/\libhal_bsp.a(alt_sys_init.o)
 .bss           0x0000000000807dbc        0x0 C:/Users/narus/Documents/University/PART_III/SEM_2/COMPSYS_303/Labs/Lab2/lab2Remote/cs303_lab2/NIOS_II/cs303_lab2_bsp/\libhal_bsp.a(altera_avalon_jtag_uart_fd.o)
 .bss           0x0000000000807dbc        0x0 C:/Users/narus/Documents/University/PART_III/SEM_2/COMPSYS_303/Labs/Lab2/lab2Remote/cs303_lab2/NIOS_II/cs303_lab2_bsp/\libhal_bsp.a(altera_avalon_jtag_uart_init.o)
 .bss           0x0000000000807dbc        0x0 C:/Users/narus/Documents/University/PART_III/SEM_2/COMPSYS_303/Labs/Lab2/lab2Remote/cs303_lab2/NIOS_II/cs303_lab2_bsp/\libhal_bsp.a(altera_avalon_jtag_uart_ioctl.o)
 .bss           0x0000000000807dbc        0x0 C:/Users/narus/Documents/University/PART_III/SEM_2/COMPSYS_303/Labs/Lab2/lab2Remote/cs303_lab2/NIOS_II/cs303_lab2_bsp/\libhal_bsp.a(altera_avalon_jtag_uart_read.o)
 .bss           0x0000000000807dbc        0x0 C:/Users/narus/Documents/University/PART_III/SEM_2/COMPSYS_303/Labs/Lab2/lab2Remote/cs303_lab2/NIOS_II/cs303_lab2_bsp/\libhal_bsp.a(altera_avalon_jtag_uart_write.o)
 .bss           0x0000000000807dbc        0x0 C:/Users/narus/Documents/University/PART_III/SEM_2/COMPSYS_303/Labs/Lab2/lab2Remote/cs303_lab2/NIOS_II/cs303_lab2_bsp/\libhal_bsp.a(altera_avalon_lcd_16207.o)
 .bss           0x0000000000807dbc        0x0 C:/Users/narus/Documents/University/PART_III/SEM_2/COMPSYS_303/Labs/Lab2/lab2Remote/cs303_lab2/NIOS_II/cs303_lab2_bsp/\libhal_bsp.a(altera_avalon_lcd_16207_fd.o)
 .bss           0x0000000000807dbc        0x0 C:/Users/narus/Documents/University/PART_III/SEM_2/COMPSYS_303/Labs/Lab2/lab2Remote/cs303_lab2/NIOS_II/cs303_lab2_bsp/\libhal_bsp.a(altera_avalon_timer_sc.o)
 .bss           0x0000000000807dbc        0x0 C:/Users/narus/Documents/University/PART_III/SEM_2/COMPSYS_303/Labs/Lab2/lab2Remote/cs303_lab2/NIOS_II/cs303_lab2_bsp/\libhal_bsp.a(altera_avalon_uart_fd.o)
 .bss           0x0000000000807dbc        0x0 C:/Users/narus/Documents/University/PART_III/SEM_2/COMPSYS_303/Labs/Lab2/lab2Remote/cs303_lab2/NIOS_II/cs303_lab2_bsp/\libhal_bsp.a(altera_avalon_uart_init.o)
 .bss           0x0000000000807dbc        0x0 C:/Users/narus/Documents/University/PART_III/SEM_2/COMPSYS_303/Labs/Lab2/lab2Remote/cs303_lab2/NIOS_II/cs303_lab2_bsp/\libhal_bsp.a(altera_avalon_uart_read.o)
 .bss           0x0000000000807dbc        0x0 C:/Users/narus/Documents/University/PART_III/SEM_2/COMPSYS_303/Labs/Lab2/lab2Remote/cs303_lab2/NIOS_II/cs303_lab2_bsp/\libhal_bsp.a(altera_avalon_uart_write.o)
 .bss           0x0000000000807dbc        0x0 C:/Users/narus/Documents/University/PART_III/SEM_2/COMPSYS_303/Labs/Lab2/lab2Remote/cs303_lab2/NIOS_II/cs303_lab2_bsp/\libhal_bsp.a(alt_alarm_start.o)
 .bss           0x0000000000807dbc        0x0 C:/Users/narus/Documents/University/PART_III/SEM_2/COMPSYS_303/Labs/Lab2/lab2Remote/cs303_lab2/NIOS_II/cs303_lab2_bsp/\libhal_bsp.a(alt_close.o)
 .bss           0x0000000000807dbc        0x0 C:/Users/narus/Documents/University/PART_III/SEM_2/COMPSYS_303/Labs/Lab2/lab2Remote/cs303_lab2/NIOS_II/cs303_lab2_bsp/\libhal_bsp.a(alt_dcache_flush_all.o)
 .bss           0x0000000000807dbc        0x0 C:/Users/narus/Documents/University/PART_III/SEM_2/COMPSYS_303/Labs/Lab2/lab2Remote/cs303_lab2/NIOS_II/cs303_lab2_bsp/\libhal_bsp.a(alt_dev.o)
 .bss           0x0000000000807dbc        0x0 C:/Users/narus/Documents/University/PART_III/SEM_2/COMPSYS_303/Labs/Lab2/lab2Remote/cs303_lab2/NIOS_II/cs303_lab2_bsp/\libhal_bsp.a(alt_dev_llist_insert.o)
 .bss           0x0000000000807dbc        0x0 C:/Users/narus/Documents/University/PART_III/SEM_2/COMPSYS_303/Labs/Lab2/lab2Remote/cs303_lab2/NIOS_II/cs303_lab2_bsp/\libhal_bsp.a(alt_do_ctors.o)
 .bss           0x0000000000807dbc        0x0 C:/Users/narus/Documents/University/PART_III/SEM_2/COMPSYS_303/Labs/Lab2/lab2Remote/cs303_lab2/NIOS_II/cs303_lab2_bsp/\libhal_bsp.a(alt_do_dtors.o)
 .bss           0x0000000000807dbc        0x0 C:/Users/narus/Documents/University/PART_III/SEM_2/COMPSYS_303/Labs/Lab2/lab2Remote/cs303_lab2/NIOS_II/cs303_lab2_bsp/\libhal_bsp.a(alt_errno.o)
 .bss           0x0000000000807dbc        0x0 C:/Users/narus/Documents/University/PART_III/SEM_2/COMPSYS_303/Labs/Lab2/lab2Remote/cs303_lab2/NIOS_II/cs303_lab2_bsp/\libhal_bsp.a(alt_icache_flush_all.o)
 .bss           0x0000000000807dbc        0x0 C:/Users/narus/Documents/University/PART_III/SEM_2/COMPSYS_303/Labs/Lab2/lab2Remote/cs303_lab2/NIOS_II/cs303_lab2_bsp/\libhal_bsp.a(alt_iic.o)
 .bss           0x0000000000807dbc        0x0 C:/Users/narus/Documents/University/PART_III/SEM_2/COMPSYS_303/Labs/Lab2/lab2Remote/cs303_lab2/NIOS_II/cs303_lab2_bsp/\libhal_bsp.a(alt_iic_isr_register.o)
 .bss           0x0000000000807dbc        0x0 C:/Users/narus/Documents/University/PART_III/SEM_2/COMPSYS_303/Labs/Lab2/lab2Remote/cs303_lab2/NIOS_II/cs303_lab2_bsp/\libhal_bsp.a(alt_io_redirect.o)
 .bss           0x0000000000807dbc        0x0 C:/Users/narus/Documents/University/PART_III/SEM_2/COMPSYS_303/Labs/Lab2/lab2Remote/cs303_lab2/NIOS_II/cs303_lab2_bsp/\libhal_bsp.a(alt_irq_entry.o)
 .bss           0x0000000000807dbc        0x0 C:/Users/narus/Documents/University/PART_III/SEM_2/COMPSYS_303/Labs/Lab2/lab2Remote/cs303_lab2/NIOS_II/cs303_lab2_bsp/\libhal_bsp.a(alt_irq_handler.o)
 .bss           0x0000000000807dbc        0x0 C:/Users/narus/Documents/University/PART_III/SEM_2/COMPSYS_303/Labs/Lab2/lab2Remote/cs303_lab2/NIOS_II/cs303_lab2_bsp/\libhal_bsp.a(alt_irq_vars.o)
 .bss           0x0000000000807dbc        0x0 C:/Users/narus/Documents/University/PART_III/SEM_2/COMPSYS_303/Labs/Lab2/lab2Remote/cs303_lab2/NIOS_II/cs303_lab2_bsp/\libhal_bsp.a(alt_open.o)
 .bss           0x0000000000807dbc        0x0 C:/Users/narus/Documents/University/PART_III/SEM_2/COMPSYS_303/Labs/Lab2/lab2Remote/cs303_lab2/NIOS_II/cs303_lab2_bsp/\libhal_bsp.a(alt_release_fd.o)
 .bss           0x0000000000807dbc        0x0 C:/Users/narus/Documents/University/PART_III/SEM_2/COMPSYS_303/Labs/Lab2/lab2Remote/cs303_lab2/NIOS_II/cs303_lab2_bsp/\libhal_bsp.a(alt_tick.o)
 .bss           0x0000000000807dbc        0x0 C:/Users/narus/Documents/University/PART_III/SEM_2/COMPSYS_303/Labs/Lab2/lab2Remote/cs303_lab2/NIOS_II/cs303_lab2_bsp/\libhal_bsp.a(alt_usleep.o)
 .bss           0x0000000000807dbc        0x0 C:/Users/narus/Documents/University/PART_III/SEM_2/COMPSYS_303/Labs/Lab2/lab2Remote/cs303_lab2/NIOS_II/cs303_lab2_bsp/\libhal_bsp.a(altera_nios2_gen2_irq.o)
 .bss           0x0000000000807dbc        0x0 C:/Users/narus/Documents/University/PART_III/SEM_2/COMPSYS_303/Labs/Lab2/lab2Remote/cs303_lab2/NIOS_II/cs303_lab2_bsp/\libhal_bsp.a(alt_busy_sleep.o)
 .bss           0x0000000000807dbc        0x0 C:/Users/narus/Documents/University/PART_III/SEM_2/COMPSYS_303/Labs/Lab2/lab2Remote/cs303_lab2/NIOS_II/cs303_lab2_bsp/\libhal_bsp.a(alt_exception_entry.o)
 .bss           0x0000000000807dbc        0x0 C:/Users/narus/Documents/University/PART_III/SEM_2/COMPSYS_303/Labs/Lab2/lab2Remote/cs303_lab2/NIOS_II/cs303_lab2_bsp/\libhal_bsp.a(alt_find_dev.o)
 .bss           0x0000000000807dbc        0x0 C:/Users/narus/Documents/University/PART_III/SEM_2/COMPSYS_303/Labs/Lab2/lab2Remote/cs303_lab2/NIOS_II/cs303_lab2_bsp/\libhal_bsp.a(alt_find_file.o)
 .bss           0x0000000000807dbc        0x0 C:/Users/narus/Documents/University/PART_III/SEM_2/COMPSYS_303/Labs/Lab2/lab2Remote/cs303_lab2/NIOS_II/cs303_lab2_bsp/\libhal_bsp.a(alt_get_fd.o)
 .bss           0x0000000000807dbc        0x0 C:/Users/narus/Documents/University/PART_III/SEM_2/COMPSYS_303/Labs/Lab2/lab2Remote/cs303_lab2/NIOS_II/cs303_lab2_bsp/\libhal_bsp.a(alt_icache_flush.o)
 .bss           0x0000000000807dbc        0x0 C:/Users/narus/Documents/University/PART_III/SEM_2/COMPSYS_303/Labs/Lab2/lab2Remote/cs303_lab2/NIOS_II/cs303_lab2_bsp/\libhal_bsp.a(alt_instruction_exception_entry.o)
 .bss           0x0000000000807dbc        0x0 c:/intelfpga_lite/18.1/nios2eds/bin/gnu/h-x86_64-mingw32/bin/../lib/gcc/nios2-elf/5.3.0/../../../../../H-x86_64-mingw32/nios2-elf/lib\libc.a(lib_a-atexit.o)
 .bss           0x0000000000807dbc        0x0 c:/intelfpga_lite/18.1/nios2eds/bin/gnu/h-x86_64-mingw32/bin/../lib/gcc/nios2-elf/5.3.0/../../../../../H-x86_64-mingw32/nios2-elf/lib\libc.a(lib_a-ctype_.o)
 .bss           0x0000000000807dbc        0x0 c:/intelfpga_lite/18.1/nios2eds/bin/gnu/h-x86_64-mingw32/bin/../lib/gcc/nios2-elf/5.3.0/../../../../../H-x86_64-mingw32/nios2-elf/lib\libc.a(lib_a-exit.o)
 .bss           0x0000000000807dbc        0x0 c:/intelfpga_lite/18.1/nios2eds/bin/gnu/h-x86_64-mingw32/bin/../lib/gcc/nios2-elf/5.3.0/../../../../../H-x86_64-mingw32/nios2-elf/lib\libc.a(lib_a-impure.o)
 .bss           0x0000000000807dbc        0x0 c:/intelfpga_lite/18.1/nios2eds/bin/gnu/h-x86_64-mingw32/bin/../lib/gcc/nios2-elf/5.3.0/../../../../../H-x86_64-mingw32/nios2-elf/lib\libc.a(lib_a-int_errno.o)
 .bss           0x0000000000807dbc        0x0 c:/intelfpga_lite/18.1/nios2eds/bin/gnu/h-x86_64-mingw32/bin/../lib/gcc/nios2-elf/5.3.0/../../../../../H-x86_64-mingw32/nios2-elf/lib\libc.a(lib_a-memcmp.o)
 .bss           0x0000000000807dbc        0x0 c:/intelfpga_lite/18.1/nios2eds/bin/gnu/h-x86_64-mingw32/bin/../lib/gcc/nios2-elf/5.3.0/../../../../../H-x86_64-mingw32/nios2-elf/lib\libc.a(lib_a-memcpy.o)
 .bss           0x0000000000807dbc        0x0 c:/intelfpga_lite/18.1/nios2eds/bin/gnu/h-x86_64-mingw32/bin/../lib/gcc/nios2-elf/5.3.0/../../../../../H-x86_64-mingw32/nios2-elf/lib\libc.a(lib_a-memset.o)
 .bss           0x0000000000807dbc        0x0 c:/intelfpga_lite/18.1/nios2eds/bin/gnu/h-x86_64-mingw32/bin/../lib/gcc/nios2-elf/5.3.0/../../../../../H-x86_64-mingw32/nios2-elf/lib\libc.a(lib_a-strlen.o)
 .bss           0x0000000000807dbc        0x0 c:/intelfpga_lite/18.1/nios2eds/bin/gnu/h-x86_64-mingw32/bin/../lib/gcc/nios2-elf/5.3.0/../../../../../H-x86_64-mingw32/nios2-elf/lib\libc.a(lib_a-__atexit.o)
 .bss           0x0000000000807dbc        0x0 c:/intelfpga_lite/18.1/nios2eds/bin/gnu/h-x86_64-mingw32/bin/../lib/gcc/nios2-elf/5.3.0/../../../../../H-x86_64-mingw32/nios2-elf/lib\libc.a(lib_a-__call_atexit.o)
 .bss           0x0000000000807dbc        0x0 c:/intelfpga_lite/18.1/nios2eds/bin/gnu/h-x86_64-mingw32/bin/../lib/gcc/nios2-elf/5.3.0\libgcc.a(lib2-divmod.o)
 .bss           0x0000000000807dbc        0x0 C:/Users/narus/Documents/University/PART_III/SEM_2/COMPSYS_303/Labs/Lab2/lab2Remote/cs303_lab2/NIOS_II/cs303_lab2_bsp/\libhal_bsp.a(alt_exit.o)
 *(COMMON)
 COMMON         0x0000000000807dbc      0x100 C:/Users/narus/Documents/University/PART_III/SEM_2/COMPSYS_303/Labs/Lab2/lab2Remote/cs303_lab2/NIOS_II/cs303_lab2_bsp/\libhal_bsp.a(alt_irq_handler.o)
                0x0000000000807dbc                alt_irq
                0x0000000000807ebc                . = ALIGN (0x4)
                0x0000000000807ebc                __bss_end = ABSOLUTE (.)

.sdram          0x0000000000807ebc        0x0
                [!provide]                        PROVIDE (_alt_partition_sdram_start, ABSOLUTE (.))
 *(.sdram .sdram. sdram.*)
                0x0000000000807ebc                . = ALIGN (0x4)
                [!provide]                        PROVIDE (_alt_partition_sdram_end, ABSOLUTE (.))
                0x0000000000807ebc                _end = ABSOLUTE (.)
                0x0000000000807ebc                end = ABSOLUTE (.)
                0x0000000000807ebc                __alt_stack_base = ABSOLUTE (.)
                [!provide]                        PROVIDE (_alt_partition_sdram_load_addr, LOADADDR (.sdram))

.onchip_mem     0x0000000001008000        0x0 load address 0x0000000000807ebc
                [!provide]                        PROVIDE (_alt_partition_onchip_mem_start, ABSOLUTE (.))
 *(.onchip_mem .onchip_mem. onchip_mem.*)
                0x0000000001008000                . = ALIGN (0x4)
                [!provide]                        PROVIDE (_alt_partition_onchip_mem_end, ABSOLUTE (.))
                [!provide]                        PROVIDE (_alt_partition_onchip_mem_load_addr, LOADADDR (.onchip_mem))

.stab
 *(.stab)

.stabstr
 *(.stabstr)

.stab.excl
 *(.stab.excl)

.stab.exclstr
 *(.stab.exclstr)

.stab.index
 *(.stab.index)

.stab.indexstr
 *(.stab.indexstr)

.comment        0x0000000000000000       0x23
 *(.comment)
 .comment       0x0000000000000000       0x23 obj/default/hello_world.o
                                         0x24 (size before relaxing)
 .comment       0x0000000000000023       0x24 obj/default/sccharts.o
 .comment       0x0000000000000023       0x24 C:/Users/narus/Documents/University/PART_III/SEM_2/COMPSYS_303/Labs/Lab2/lab2Remote/cs303_lab2/NIOS_II/cs303_lab2_bsp/\libhal_bsp.a(alt_load.o)
 .comment       0x0000000000000023       0x24 C:/Users/narus/Documents/University/PART_III/SEM_2/COMPSYS_303/Labs/Lab2/lab2Remote/cs303_lab2/NIOS_II/cs303_lab2_bsp/\libhal_bsp.a(alt_main.o)
 .comment       0x0000000000000023       0x24 C:/Users/narus/Documents/University/PART_III/SEM_2/COMPSYS_303/Labs/Lab2/lab2Remote/cs303_lab2/NIOS_II/cs303_lab2_bsp/\libhal_bsp.a(alt_sys_init.o)
 .comment       0x0000000000000023       0x24 C:/Users/narus/Documents/University/PART_III/SEM_2/COMPSYS_303/Labs/Lab2/lab2Remote/cs303_lab2/NIOS_II/cs303_lab2_bsp/\libhal_bsp.a(altera_avalon_jtag_uart_fd.o)
 .comment       0x0000000000000023       0x24 C:/Users/narus/Documents/University/PART_III/SEM_2/COMPSYS_303/Labs/Lab2/lab2Remote/cs303_lab2/NIOS_II/cs303_lab2_bsp/\libhal_bsp.a(altera_avalon_jtag_uart_init.o)
 .comment       0x0000000000000023       0x24 C:/Users/narus/Documents/University/PART_III/SEM_2/COMPSYS_303/Labs/Lab2/lab2Remote/cs303_lab2/NIOS_II/cs303_lab2_bsp/\libhal_bsp.a(altera_avalon_jtag_uart_ioctl.o)
 .comment       0x0000000000000023       0x24 C:/Users/narus/Documents/University/PART_III/SEM_2/COMPSYS_303/Labs/Lab2/lab2Remote/cs303_lab2/NIOS_II/cs303_lab2_bsp/\libhal_bsp.a(altera_avalon_jtag_uart_read.o)
 .comment       0x0000000000000023       0x24 C:/Users/narus/Documents/University/PART_III/SEM_2/COMPSYS_303/Labs/Lab2/lab2Remote/cs303_lab2/NIOS_II/cs303_lab2_bsp/\libhal_bsp.a(altera_avalon_jtag_uart_write.o)
 .comment       0x0000000000000023       0x24 C:/Users/narus/Documents/University/PART_III/SEM_2/COMPSYS_303/Labs/Lab2/lab2Remote/cs303_lab2/NIOS_II/cs303_lab2_bsp/\libhal_bsp.a(altera_avalon_lcd_16207.o)
 .comment       0x0000000000000023       0x24 C:/Users/narus/Documents/University/PART_III/SEM_2/COMPSYS_303/Labs/Lab2/lab2Remote/cs303_lab2/NIOS_II/cs303_lab2_bsp/\libhal_bsp.a(altera_avalon_lcd_16207_fd.o)
 .comment       0x0000000000000023       0x24 C:/Users/narus/Documents/University/PART_III/SEM_2/COMPSYS_303/Labs/Lab2/lab2Remote/cs303_lab2/NIOS_II/cs303_lab2_bsp/\libhal_bsp.a(altera_avalon_timer_sc.o)
 .comment       0x0000000000000023       0x24 C:/Users/narus/Documents/University/PART_III/SEM_2/COMPSYS_303/Labs/Lab2/lab2Remote/cs303_lab2/NIOS_II/cs303_lab2_bsp/\libhal_bsp.a(altera_avalon_uart_fd.o)
 .comment       0x0000000000000023       0x24 C:/Users/narus/Documents/University/PART_III/SEM_2/COMPSYS_303/Labs/Lab2/lab2Remote/cs303_lab2/NIOS_II/cs303_lab2_bsp/\libhal_bsp.a(altera_avalon_uart_init.o)
 .comment       0x0000000000000023       0x24 C:/Users/narus/Documents/University/PART_III/SEM_2/COMPSYS_303/Labs/Lab2/lab2Remote/cs303_lab2/NIOS_II/cs303_lab2_bsp/\libhal_bsp.a(altera_avalon_uart_read.o)
 .comment       0x0000000000000023       0x24 C:/Users/narus/Documents/University/PART_III/SEM_2/COMPSYS_303/Labs/Lab2/lab2Remote/cs303_lab2/NIOS_II/cs303_lab2_bsp/\libhal_bsp.a(altera_avalon_uart_write.o)
 .comment       0x0000000000000023       0x24 C:/Users/narus/Documents/University/PART_III/SEM_2/COMPSYS_303/Labs/Lab2/lab2Remote/cs303_lab2/NIOS_II/cs303_lab2_bsp/\libhal_bsp.a(alt_alarm_start.o)
 .comment       0x0000000000000023       0x24 C:/Users/narus/Documents/University/PART_III/SEM_2/COMPSYS_303/Labs/Lab2/lab2Remote/cs303_lab2/NIOS_II/cs303_lab2_bsp/\libhal_bsp.a(alt_close.o)
 .comment       0x0000000000000023       0x24 C:/Users/narus/Documents/University/PART_III/SEM_2/COMPSYS_303/Labs/Lab2/lab2Remote/cs303_lab2/NIOS_II/cs303_lab2_bsp/\libhal_bsp.a(alt_dcache_flush_all.o)
 .comment       0x0000000000000023       0x24 C:/Users/narus/Documents/University/PART_III/SEM_2/COMPSYS_303/Labs/Lab2/lab2Remote/cs303_lab2/NIOS_II/cs303_lab2_bsp/\libhal_bsp.a(alt_dev.o)
 .comment       0x0000000000000023       0x24 C:/Users/narus/Documents/University/PART_III/SEM_2/COMPSYS_303/Labs/Lab2/lab2Remote/cs303_lab2/NIOS_II/cs303_lab2_bsp/\libhal_bsp.a(alt_dev_llist_insert.o)
 .comment       0x0000000000000023       0x24 C:/Users/narus/Documents/University/PART_III/SEM_2/COMPSYS_303/Labs/Lab2/lab2Remote/cs303_lab2/NIOS_II/cs303_lab2_bsp/\libhal_bsp.a(alt_do_ctors.o)
 .comment       0x0000000000000023       0x24 C:/Users/narus/Documents/University/PART_III/SEM_2/COMPSYS_303/Labs/Lab2/lab2Remote/cs303_lab2/NIOS_II/cs303_lab2_bsp/\libhal_bsp.a(alt_do_dtors.o)
 .comment       0x0000000000000023       0x24 C:/Users/narus/Documents/University/PART_III/SEM_2/COMPSYS_303/Labs/Lab2/lab2Remote/cs303_lab2/NIOS_II/cs303_lab2_bsp/\libhal_bsp.a(alt_errno.o)
 .comment       0x0000000000000023       0x24 C:/Users/narus/Documents/University/PART_III/SEM_2/COMPSYS_303/Labs/Lab2/lab2Remote/cs303_lab2/NIOS_II/cs303_lab2_bsp/\libhal_bsp.a(alt_icache_flush_all.o)
 .comment       0x0000000000000023       0x24 C:/Users/narus/Documents/University/PART_III/SEM_2/COMPSYS_303/Labs/Lab2/lab2Remote/cs303_lab2/NIOS_II/cs303_lab2_bsp/\libhal_bsp.a(alt_iic.o)
 .comment       0x0000000000000023       0x24 C:/Users/narus/Documents/University/PART_III/SEM_2/COMPSYS_303/Labs/Lab2/lab2Remote/cs303_lab2/NIOS_II/cs303_lab2_bsp/\libhal_bsp.a(alt_iic_isr_register.o)
 .comment       0x0000000000000023       0x24 C:/Users/narus/Documents/University/PART_III/SEM_2/COMPSYS_303/Labs/Lab2/lab2Remote/cs303_lab2/NIOS_II/cs303_lab2_bsp/\libhal_bsp.a(alt_io_redirect.o)
 .comment       0x0000000000000023       0x24 C:/Users/narus/Documents/University/PART_III/SEM_2/COMPSYS_303/Labs/Lab2/lab2Remote/cs303_lab2/NIOS_II/cs303_lab2_bsp/\libhal_bsp.a(alt_irq_handler.o)
 .comment       0x0000000000000023       0x24 C:/Users/narus/Documents/University/PART_III/SEM_2/COMPSYS_303/Labs/Lab2/lab2Remote/cs303_lab2/NIOS_II/cs303_lab2_bsp/\libhal_bsp.a(alt_irq_vars.o)
 .comment       0x0000000000000023       0x24 C:/Users/narus/Documents/University/PART_III/SEM_2/COMPSYS_303/Labs/Lab2/lab2Remote/cs303_lab2/NIOS_II/cs303_lab2_bsp/\libhal_bsp.a(alt_open.o)
 .comment       0x0000000000000023       0x24 C:/Users/narus/Documents/University/PART_III/SEM_2/COMPSYS_303/Labs/Lab2/lab2Remote/cs303_lab2/NIOS_II/cs303_lab2_bsp/\libhal_bsp.a(alt_release_fd.o)
 .comment       0x0000000000000023       0x24 C:/Users/narus/Documents/University/PART_III/SEM_2/COMPSYS_303/Labs/Lab2/lab2Remote/cs303_lab2/NIOS_II/cs303_lab2_bsp/\libhal_bsp.a(alt_tick.o)
 .comment       0x0000000000000023       0x24 C:/Users/narus/Documents/University/PART_III/SEM_2/COMPSYS_303/Labs/Lab2/lab2Remote/cs303_lab2/NIOS_II/cs303_lab2_bsp/\libhal_bsp.a(alt_usleep.o)
 .comment       0x0000000000000023       0x24 C:/Users/narus/Documents/University/PART_III/SEM_2/COMPSYS_303/Labs/Lab2/lab2Remote/cs303_lab2/NIOS_II/cs303_lab2_bsp/\libhal_bsp.a(altera_nios2_gen2_irq.o)
 .comment       0x0000000000000023       0x24 C:/Users/narus/Documents/University/PART_III/SEM_2/COMPSYS_303/Labs/Lab2/lab2Remote/cs303_lab2/NIOS_II/cs303_lab2_bsp/\libhal_bsp.a(alt_busy_sleep.o)
 .comment       0x0000000000000023       0x24 C:/Users/narus/Documents/University/PART_III/SEM_2/COMPSYS_303/Labs/Lab2/lab2Remote/cs303_lab2/NIOS_II/cs303_lab2_bsp/\libhal_bsp.a(alt_find_dev.o)
 .comment       0x0000000000000023       0x24 C:/Users/narus/Documents/University/PART_III/SEM_2/COMPSYS_303/Labs/Lab2/lab2Remote/cs303_lab2/NIOS_II/cs303_lab2_bsp/\libhal_bsp.a(alt_find_file.o)
 .comment       0x0000000000000023       0x24 C:/Users/narus/Documents/University/PART_III/SEM_2/COMPSYS_303/Labs/Lab2/lab2Remote/cs303_lab2/NIOS_II/cs303_lab2_bsp/\libhal_bsp.a(alt_get_fd.o)
 .comment       0x0000000000000023       0x24 C:/Users/narus/Documents/University/PART_III/SEM_2/COMPSYS_303/Labs/Lab2/lab2Remote/cs303_lab2/NIOS_II/cs303_lab2_bsp/\libhal_bsp.a(alt_icache_flush.o)
 .comment       0x0000000000000023       0x24 C:/Users/narus/Documents/University/PART_III/SEM_2/COMPSYS_303/Labs/Lab2/lab2Remote/cs303_lab2/NIOS_II/cs303_lab2_bsp/\libhal_bsp.a(alt_instruction_exception_entry.o)
 .comment       0x0000000000000023       0x24 c:/intelfpga_lite/18.1/nios2eds/bin/gnu/h-x86_64-mingw32/bin/../lib/gcc/nios2-elf/5.3.0/../../../../../H-x86_64-mingw32/nios2-elf/lib\libc.a(lib_a-atexit.o)
 .comment       0x0000000000000023       0x24 c:/intelfpga_lite/18.1/nios2eds/bin/gnu/h-x86_64-mingw32/bin/../lib/gcc/nios2-elf/5.3.0/../../../../../H-x86_64-mingw32/nios2-elf/lib\libc.a(lib_a-ctype_.o)
 .comment       0x0000000000000023       0x24 c:/intelfpga_lite/18.1/nios2eds/bin/gnu/h-x86_64-mingw32/bin/../lib/gcc/nios2-elf/5.3.0/../../../../../H-x86_64-mingw32/nios2-elf/lib\libc.a(lib_a-exit.o)
 .comment       0x0000000000000023       0x24 c:/intelfpga_lite/18.1/nios2eds/bin/gnu/h-x86_64-mingw32/bin/../lib/gcc/nios2-elf/5.3.0/../../../../../H-x86_64-mingw32/nios2-elf/lib\libc.a(lib_a-impure.o)
 .comment       0x0000000000000023       0x24 c:/intelfpga_lite/18.1/nios2eds/bin/gnu/h-x86_64-mingw32/bin/../lib/gcc/nios2-elf/5.3.0/../../../../../H-x86_64-mingw32/nios2-elf/lib\libc.a(lib_a-int_errno.o)
 .comment       0x0000000000000023       0x24 c:/intelfpga_lite/18.1/nios2eds/bin/gnu/h-x86_64-mingw32/bin/../lib/gcc/nios2-elf/5.3.0/../../../../../H-x86_64-mingw32/nios2-elf/lib\libc.a(lib_a-memcmp.o)
 .comment       0x0000000000000023       0x24 c:/intelfpga_lite/18.1/nios2eds/bin/gnu/h-x86_64-mingw32/bin/../lib/gcc/nios2-elf/5.3.0/../../../../../H-x86_64-mingw32/nios2-elf/lib\libc.a(lib_a-memcpy.o)
 .comment       0x0000000000000023       0x24 c:/intelfpga_lite/18.1/nios2eds/bin/gnu/h-x86_64-mingw32/bin/../lib/gcc/nios2-elf/5.3.0/../../../../../H-x86_64-mingw32/nios2-elf/lib\libc.a(lib_a-memset.o)
 .comment       0x0000000000000023       0x24 c:/intelfpga_lite/18.1/nios2eds/bin/gnu/h-x86_64-mingw32/bin/../lib/gcc/nios2-elf/5.3.0/../../../../../H-x86_64-mingw32/nios2-elf/lib\libc.a(lib_a-strlen.o)
 .comment       0x0000000000000023       0x24 c:/intelfpga_lite/18.1/nios2eds/bin/gnu/h-x86_64-mingw32/bin/../lib/gcc/nios2-elf/5.3.0/../../../../../H-x86_64-mingw32/nios2-elf/lib\libc.a(lib_a-__atexit.o)
 .comment       0x0000000000000023       0x24 c:/intelfpga_lite/18.1/nios2eds/bin/gnu/h-x86_64-mingw32/bin/../lib/gcc/nios2-elf/5.3.0/../../../../../H-x86_64-mingw32/nios2-elf/lib\libc.a(lib_a-__call_atexit.o)
 .comment       0x0000000000000023       0x24 c:/intelfpga_lite/18.1/nios2eds/bin/gnu/h-x86_64-mingw32/bin/../lib/gcc/nios2-elf/5.3.0\libgcc.a(lib2-divmod.o)
 .comment       0x0000000000000023       0x24 C:/Users/narus/Documents/University/PART_III/SEM_2/COMPSYS_303/Labs/Lab2/lab2Remote/cs303_lab2/NIOS_II/cs303_lab2_bsp/\libhal_bsp.a(alt_exit.o)

.debug
 *(.debug)

.line
 *(.line)

.debug_srcinfo
 *(.debug_srcinfo)

.debug_sfnames
 *(.debug_sfnames)

.debug_aranges  0x0000000000000000      0x750
 *(.debug_aranges)
 .debug_aranges
                0x0000000000000000       0x28 C:/Users/narus/Documents/University/PART_III/SEM_2/COMPSYS_303/Labs/Lab2/lab2Remote/cs303_lab2/NIOS_II/cs303_lab2_bsp//obj/HAL/src/crt0.o
 .debug_aranges
                0x0000000000000028       0x20 obj/default/hello_world.o
 .debug_aranges
                0x0000000000000048       0x20 obj/default/sccharts.o
 .debug_aranges
                0x0000000000000068       0x20 C:/Users/narus/Documents/University/PART_III/SEM_2/COMPSYS_303/Labs/Lab2/lab2Remote/cs303_lab2/NIOS_II/cs303_lab2_bsp/\libhal_bsp.a(alt_load.o)
 .debug_aranges
                0x0000000000000088       0x20 C:/Users/narus/Documents/University/PART_III/SEM_2/COMPSYS_303/Labs/Lab2/lab2Remote/cs303_lab2/NIOS_II/cs303_lab2_bsp/\libhal_bsp.a(alt_main.o)
 .debug_aranges
                0x00000000000000a8       0x20 C:/Users/narus/Documents/University/PART_III/SEM_2/COMPSYS_303/Labs/Lab2/lab2Remote/cs303_lab2/NIOS_II/cs303_lab2_bsp/\libhal_bsp.a(alt_sys_init.o)
 .debug_aranges
                0x00000000000000c8       0x20 C:/Users/narus/Documents/University/PART_III/SEM_2/COMPSYS_303/Labs/Lab2/lab2Remote/cs303_lab2/NIOS_II/cs303_lab2_bsp/\libhal_bsp.a(altera_avalon_jtag_uart_fd.o)
 .debug_aranges
                0x00000000000000e8       0x20 C:/Users/narus/Documents/University/PART_III/SEM_2/COMPSYS_303/Labs/Lab2/lab2Remote/cs303_lab2/NIOS_II/cs303_lab2_bsp/\libhal_bsp.a(altera_avalon_jtag_uart_init.o)
 .debug_aranges
                0x0000000000000108       0x20 C:/Users/narus/Documents/University/PART_III/SEM_2/COMPSYS_303/Labs/Lab2/lab2Remote/cs303_lab2/NIOS_II/cs303_lab2_bsp/\libhal_bsp.a(altera_avalon_jtag_uart_ioctl.o)
 .debug_aranges
                0x0000000000000128       0x20 C:/Users/narus/Documents/University/PART_III/SEM_2/COMPSYS_303/Labs/Lab2/lab2Remote/cs303_lab2/NIOS_II/cs303_lab2_bsp/\libhal_bsp.a(altera_avalon_jtag_uart_read.o)
 .debug_aranges
                0x0000000000000148       0x20 C:/Users/narus/Documents/University/PART_III/SEM_2/COMPSYS_303/Labs/Lab2/lab2Remote/cs303_lab2/NIOS_II/cs303_lab2_bsp/\libhal_bsp.a(altera_avalon_jtag_uart_write.o)
 .debug_aranges
                0x0000000000000168       0x20 C:/Users/narus/Documents/University/PART_III/SEM_2/COMPSYS_303/Labs/Lab2/lab2Remote/cs303_lab2/NIOS_II/cs303_lab2_bsp/\libhal_bsp.a(altera_avalon_lcd_16207.o)
 .debug_aranges
                0x0000000000000188       0x20 C:/Users/narus/Documents/University/PART_III/SEM_2/COMPSYS_303/Labs/Lab2/lab2Remote/cs303_lab2/NIOS_II/cs303_lab2_bsp/\libhal_bsp.a(altera_avalon_lcd_16207_fd.o)
 .debug_aranges
                0x00000000000001a8       0x20 C:/Users/narus/Documents/University/PART_III/SEM_2/COMPSYS_303/Labs/Lab2/lab2Remote/cs303_lab2/NIOS_II/cs303_lab2_bsp/\libhal_bsp.a(altera_avalon_timer_sc.o)
 .debug_aranges
                0x00000000000001c8       0x20 C:/Users/narus/Documents/University/PART_III/SEM_2/COMPSYS_303/Labs/Lab2/lab2Remote/cs303_lab2/NIOS_II/cs303_lab2_bsp/\libhal_bsp.a(altera_avalon_uart_fd.o)
 .debug_aranges
                0x00000000000001e8       0x20 C:/Users/narus/Documents/University/PART_III/SEM_2/COMPSYS_303/Labs/Lab2/lab2Remote/cs303_lab2/NIOS_II/cs303_lab2_bsp/\libhal_bsp.a(altera_avalon_uart_init.o)
 .debug_aranges
                0x0000000000000208       0x20 C:/Users/narus/Documents/University/PART_III/SEM_2/COMPSYS_303/Labs/Lab2/lab2Remote/cs303_lab2/NIOS_II/cs303_lab2_bsp/\libhal_bsp.a(altera_avalon_uart_read.o)
 .debug_aranges
                0x0000000000000228       0x20 C:/Users/narus/Documents/University/PART_III/SEM_2/COMPSYS_303/Labs/Lab2/lab2Remote/cs303_lab2/NIOS_II/cs303_lab2_bsp/\libhal_bsp.a(altera_avalon_uart_write.o)
 .debug_aranges
                0x0000000000000248       0x20 C:/Users/narus/Documents/University/PART_III/SEM_2/COMPSYS_303/Labs/Lab2/lab2Remote/cs303_lab2/NIOS_II/cs303_lab2_bsp/\libhal_bsp.a(alt_alarm_start.o)
 .debug_aranges
                0x0000000000000268       0x20 C:/Users/narus/Documents/University/PART_III/SEM_2/COMPSYS_303/Labs/Lab2/lab2Remote/cs303_lab2/NIOS_II/cs303_lab2_bsp/\libhal_bsp.a(alt_close.o)
 .debug_aranges
                0x0000000000000288       0x20 C:/Users/narus/Documents/University/PART_III/SEM_2/COMPSYS_303/Labs/Lab2/lab2Remote/cs303_lab2/NIOS_II/cs303_lab2_bsp/\libhal_bsp.a(alt_dcache_flush_all.o)
 .debug_aranges
                0x00000000000002a8       0x20 C:/Users/narus/Documents/University/PART_III/SEM_2/COMPSYS_303/Labs/Lab2/lab2Remote/cs303_lab2/NIOS_II/cs303_lab2_bsp/\libhal_bsp.a(alt_dev.o)
 .debug_aranges
                0x00000000000002c8       0x20 C:/Users/narus/Documents/University/PART_III/SEM_2/COMPSYS_303/Labs/Lab2/lab2Remote/cs303_lab2/NIOS_II/cs303_lab2_bsp/\libhal_bsp.a(alt_dev_llist_insert.o)
 .debug_aranges
                0x00000000000002e8       0x20 C:/Users/narus/Documents/University/PART_III/SEM_2/COMPSYS_303/Labs/Lab2/lab2Remote/cs303_lab2/NIOS_II/cs303_lab2_bsp/\libhal_bsp.a(alt_do_ctors.o)
 .debug_aranges
                0x0000000000000308       0x20 C:/Users/narus/Documents/University/PART_III/SEM_2/COMPSYS_303/Labs/Lab2/lab2Remote/cs303_lab2/NIOS_II/cs303_lab2_bsp/\libhal_bsp.a(alt_do_dtors.o)
 .debug_aranges
                0x0000000000000328       0x18 C:/Users/narus/Documents/University/PART_III/SEM_2/COMPSYS_303/Labs/Lab2/lab2Remote/cs303_lab2/NIOS_II/cs303_lab2_bsp/\libhal_bsp.a(alt_errno.o)
 .debug_aranges
                0x0000000000000340       0x20 C:/Users/narus/Documents/University/PART_III/SEM_2/COMPSYS_303/Labs/Lab2/lab2Remote/cs303_lab2/NIOS_II/cs303_lab2_bsp/\libhal_bsp.a(alt_icache_flush_all.o)
 .debug_aranges
                0x0000000000000360       0x20 C:/Users/narus/Documents/University/PART_III/SEM_2/COMPSYS_303/Labs/Lab2/lab2Remote/cs303_lab2/NIOS_II/cs303_lab2_bsp/\libhal_bsp.a(alt_iic.o)
 .debug_aranges
                0x0000000000000380       0x20 C:/Users/narus/Documents/University/PART_III/SEM_2/COMPSYS_303/Labs/Lab2/lab2Remote/cs303_lab2/NIOS_II/cs303_lab2_bsp/\libhal_bsp.a(alt_iic_isr_register.o)
 .debug_aranges
                0x00000000000003a0       0x20 C:/Users/narus/Documents/University/PART_III/SEM_2/COMPSYS_303/Labs/Lab2/lab2Remote/cs303_lab2/NIOS_II/cs303_lab2_bsp/\libhal_bsp.a(alt_io_redirect.o)
 .debug_aranges
                0x00000000000003c0       0x30 C:/Users/narus/Documents/University/PART_III/SEM_2/COMPSYS_303/Labs/Lab2/lab2Remote/cs303_lab2/NIOS_II/cs303_lab2_bsp/\libhal_bsp.a(alt_irq_entry.o)
 .debug_aranges
                0x00000000000003f0       0x20 C:/Users/narus/Documents/University/PART_III/SEM_2/COMPSYS_303/Labs/Lab2/lab2Remote/cs303_lab2/NIOS_II/cs303_lab2_bsp/\libhal_bsp.a(alt_irq_handler.o)
 .debug_aranges
                0x0000000000000410       0x18 C:/Users/narus/Documents/University/PART_III/SEM_2/COMPSYS_303/Labs/Lab2/lab2Remote/cs303_lab2/NIOS_II/cs303_lab2_bsp/\libhal_bsp.a(alt_irq_vars.o)
 .debug_aranges
                0x0000000000000428       0x20 C:/Users/narus/Documents/University/PART_III/SEM_2/COMPSYS_303/Labs/Lab2/lab2Remote/cs303_lab2/NIOS_II/cs303_lab2_bsp/\libhal_bsp.a(alt_open.o)
 .debug_aranges
                0x0000000000000448       0x20 C:/Users/narus/Documents/University/PART_III/SEM_2/COMPSYS_303/Labs/Lab2/lab2Remote/cs303_lab2/NIOS_II/cs303_lab2_bsp/\libhal_bsp.a(alt_release_fd.o)
 .debug_aranges
                0x0000000000000468       0x20 C:/Users/narus/Documents/University/PART_III/SEM_2/COMPSYS_303/Labs/Lab2/lab2Remote/cs303_lab2/NIOS_II/cs303_lab2_bsp/\libhal_bsp.a(alt_tick.o)
 .debug_aranges
                0x0000000000000488       0x20 C:/Users/narus/Documents/University/PART_III/SEM_2/COMPSYS_303/Labs/Lab2/lab2Remote/cs303_lab2/NIOS_II/cs303_lab2_bsp/\libhal_bsp.a(alt_usleep.o)
 .debug_aranges
                0x00000000000004a8       0x20 C:/Users/narus/Documents/University/PART_III/SEM_2/COMPSYS_303/Labs/Lab2/lab2Remote/cs303_lab2/NIOS_II/cs303_lab2_bsp/\libhal_bsp.a(altera_nios2_gen2_irq.o)
 .debug_aranges
                0x00000000000004c8       0x20 C:/Users/narus/Documents/University/PART_III/SEM_2/COMPSYS_303/Labs/Lab2/lab2Remote/cs303_lab2/NIOS_II/cs303_lab2_bsp/\libhal_bsp.a(alt_busy_sleep.o)
 .debug_aranges
                0x00000000000004e8       0x38 C:/Users/narus/Documents/University/PART_III/SEM_2/COMPSYS_303/Labs/Lab2/lab2Remote/cs303_lab2/NIOS_II/cs303_lab2_bsp/\libhal_bsp.a(alt_exception_entry.o)
 .debug_aranges
                0x0000000000000520       0x20 C:/Users/narus/Documents/University/PART_III/SEM_2/COMPSYS_303/Labs/Lab2/lab2Remote/cs303_lab2/NIOS_II/cs303_lab2_bsp/\libhal_bsp.a(alt_find_dev.o)
 .debug_aranges
                0x0000000000000540       0x20 C:/Users/narus/Documents/University/PART_III/SEM_2/COMPSYS_303/Labs/Lab2/lab2Remote/cs303_lab2/NIOS_II/cs303_lab2_bsp/\libhal_bsp.a(alt_find_file.o)
 .debug_aranges
                0x0000000000000560       0x20 C:/Users/narus/Documents/University/PART_III/SEM_2/COMPSYS_303/Labs/Lab2/lab2Remote/cs303_lab2/NIOS_II/cs303_lab2_bsp/\libhal_bsp.a(alt_get_fd.o)
 .debug_aranges
                0x0000000000000580       0x20 C:/Users/narus/Documents/University/PART_III/SEM_2/COMPSYS_303/Labs/Lab2/lab2Remote/cs303_lab2/NIOS_II/cs303_lab2_bsp/\libhal_bsp.a(alt_icache_flush.o)
 .debug_aranges
                0x00000000000005a0       0x28 C:/Users/narus/Documents/University/PART_III/SEM_2/COMPSYS_303/Labs/Lab2/lab2Remote/cs303_lab2/NIOS_II/cs303_lab2_bsp/\libhal_bsp.a(alt_instruction_exception_entry.o)
 .debug_aranges
                0x00000000000005c8       0x20 c:/intelfpga_lite/18.1/nios2eds/bin/gnu/h-x86_64-mingw32/bin/../lib/gcc/nios2-elf/5.3.0/../../../../../H-x86_64-mingw32/nios2-elf/lib\libc.a(lib_a-atexit.o)
 .debug_aranges
                0x00000000000005e8       0x18 c:/intelfpga_lite/18.1/nios2eds/bin/gnu/h-x86_64-mingw32/bin/../lib/gcc/nios2-elf/5.3.0/../../../../../H-x86_64-mingw32/nios2-elf/lib\libc.a(lib_a-ctype_.o)
 .debug_aranges
                0x0000000000000600       0x20 c:/intelfpga_lite/18.1/nios2eds/bin/gnu/h-x86_64-mingw32/bin/../lib/gcc/nios2-elf/5.3.0/../../../../../H-x86_64-mingw32/nios2-elf/lib\libc.a(lib_a-exit.o)
 .debug_aranges
                0x0000000000000620       0x18 c:/intelfpga_lite/18.1/nios2eds/bin/gnu/h-x86_64-mingw32/bin/../lib/gcc/nios2-elf/5.3.0/../../../../../H-x86_64-mingw32/nios2-elf/lib\libc.a(lib_a-impure.o)
 .debug_aranges
                0x0000000000000638       0x18 c:/intelfpga_lite/18.1/nios2eds/bin/gnu/h-x86_64-mingw32/bin/../lib/gcc/nios2-elf/5.3.0/../../../../../H-x86_64-mingw32/nios2-elf/lib\libc.a(lib_a-int_errno.o)
 .debug_aranges
                0x0000000000000650       0x20 c:/intelfpga_lite/18.1/nios2eds/bin/gnu/h-x86_64-mingw32/bin/../lib/gcc/nios2-elf/5.3.0/../../../../../H-x86_64-mingw32/nios2-elf/lib\libc.a(lib_a-memcmp.o)
 .debug_aranges
                0x0000000000000670       0x20 c:/intelfpga_lite/18.1/nios2eds/bin/gnu/h-x86_64-mingw32/bin/../lib/gcc/nios2-elf/5.3.0/../../../../../H-x86_64-mingw32/nios2-elf/lib\libc.a(lib_a-memcpy.o)
 .debug_aranges
                0x0000000000000690       0x20 c:/intelfpga_lite/18.1/nios2eds/bin/gnu/h-x86_64-mingw32/bin/../lib/gcc/nios2-elf/5.3.0/../../../../../H-x86_64-mingw32/nios2-elf/lib\libc.a(lib_a-memset.o)
 .debug_aranges
                0x00000000000006b0       0x20 c:/intelfpga_lite/18.1/nios2eds/bin/gnu/h-x86_64-mingw32/bin/../lib/gcc/nios2-elf/5.3.0/../../../../../H-x86_64-mingw32/nios2-elf/lib\libc.a(lib_a-strlen.o)
 .debug_aranges
                0x00000000000006d0       0x20 c:/intelfpga_lite/18.1/nios2eds/bin/gnu/h-x86_64-mingw32/bin/../lib/gcc/nios2-elf/5.3.0/../../../../../H-x86_64-mingw32/nios2-elf/lib\libc.a(lib_a-__atexit.o)
 .debug_aranges
                0x00000000000006f0       0x20 c:/intelfpga_lite/18.1/nios2eds/bin/gnu/h-x86_64-mingw32/bin/../lib/gcc/nios2-elf/5.3.0/../../../../../H-x86_64-mingw32/nios2-elf/lib\libc.a(lib_a-__call_atexit.o)
 .debug_aranges
                0x0000000000000710       0x20 c:/intelfpga_lite/18.1/nios2eds/bin/gnu/h-x86_64-mingw32/bin/../lib/gcc/nios2-elf/5.3.0\libgcc.a(lib2-divmod.o)
 .debug_aranges
                0x0000000000000730       0x20 C:/Users/narus/Documents/University/PART_III/SEM_2/COMPSYS_303/Labs/Lab2/lab2Remote/cs303_lab2/NIOS_II/cs303_lab2_bsp/\libhal_bsp.a(alt_exit.o)

.debug_pubnames
 *(.debug_pubnames)

.debug_info     0x0000000000000000     0x9d7b
 *(.debug_info .gnu.linkonce.wi.*)
 .debug_info    0x0000000000000000       0xaa C:/Users/narus/Documents/University/PART_III/SEM_2/COMPSYS_303/Labs/Lab2/lab2Remote/cs303_lab2/NIOS_II/cs303_lab2_bsp//obj/HAL/src/crt0.o
 .debug_info    0x00000000000000aa      0x266 obj/default/hello_world.o
 .debug_info    0x0000000000000310      0x209 obj/default/sccharts.o
 .debug_info    0x0000000000000519      0x145 C:/Users/narus/Documents/University/PART_III/SEM_2/COMPSYS_303/Labs/Lab2/lab2Remote/cs303_lab2/NIOS_II/cs303_lab2_bsp/\libhal_bsp.a(alt_load.o)
 .debug_info    0x000000000000065e      0x131 C:/Users/narus/Documents/University/PART_III/SEM_2/COMPSYS_303/Labs/Lab2/lab2Remote/cs303_lab2/NIOS_II/cs303_lab2_bsp/\libhal_bsp.a(alt_main.o)
 .debug_info    0x000000000000078f      0x723 C:/Users/narus/Documents/University/PART_III/SEM_2/COMPSYS_303/Labs/Lab2/lab2Remote/cs303_lab2/NIOS_II/cs303_lab2_bsp/\libhal_bsp.a(alt_sys_init.o)
 .debug_info    0x0000000000000eb2      0x52e C:/Users/narus/Documents/University/PART_III/SEM_2/COMPSYS_303/Labs/Lab2/lab2Remote/cs303_lab2/NIOS_II/cs303_lab2_bsp/\libhal_bsp.a(altera_avalon_jtag_uart_fd.o)
 .debug_info    0x00000000000013e0      0x3a0 C:/Users/narus/Documents/University/PART_III/SEM_2/COMPSYS_303/Labs/Lab2/lab2Remote/cs303_lab2/NIOS_II/cs303_lab2_bsp/\libhal_bsp.a(altera_avalon_jtag_uart_init.o)
 .debug_info    0x0000000000001780      0x280 C:/Users/narus/Documents/University/PART_III/SEM_2/COMPSYS_303/Labs/Lab2/lab2Remote/cs303_lab2/NIOS_II/cs303_lab2_bsp/\libhal_bsp.a(altera_avalon_jtag_uart_ioctl.o)
 .debug_info    0x0000000000001a00      0x345 C:/Users/narus/Documents/University/PART_III/SEM_2/COMPSYS_303/Labs/Lab2/lab2Remote/cs303_lab2/NIOS_II/cs303_lab2_bsp/\libhal_bsp.a(altera_avalon_jtag_uart_read.o)
 .debug_info    0x0000000000001d45      0x340 C:/Users/narus/Documents/University/PART_III/SEM_2/COMPSYS_303/Labs/Lab2/lab2Remote/cs303_lab2/NIOS_II/cs303_lab2_bsp/\libhal_bsp.a(altera_avalon_jtag_uart_write.o)
 .debug_info    0x0000000000002085      0x6d1 C:/Users/narus/Documents/University/PART_III/SEM_2/COMPSYS_303/Labs/Lab2/lab2Remote/cs303_lab2/NIOS_II/cs303_lab2_bsp/\libhal_bsp.a(altera_avalon_lcd_16207.o)
 .debug_info    0x0000000000002756      0x4cc C:/Users/narus/Documents/University/PART_III/SEM_2/COMPSYS_303/Labs/Lab2/lab2Remote/cs303_lab2/NIOS_II/cs303_lab2_bsp/\libhal_bsp.a(altera_avalon_lcd_16207_fd.o)
 .debug_info    0x0000000000002c22      0x226 C:/Users/narus/Documents/University/PART_III/SEM_2/COMPSYS_303/Labs/Lab2/lab2Remote/cs303_lab2/NIOS_II/cs303_lab2_bsp/\libhal_bsp.a(altera_avalon_timer_sc.o)
 .debug_info    0x0000000000002e48      0x447 C:/Users/narus/Documents/University/PART_III/SEM_2/COMPSYS_303/Labs/Lab2/lab2Remote/cs303_lab2/NIOS_II/cs303_lab2_bsp/\libhal_bsp.a(altera_avalon_uart_fd.o)
 .debug_info    0x000000000000328f      0x333 C:/Users/narus/Documents/University/PART_III/SEM_2/COMPSYS_303/Labs/Lab2/lab2Remote/cs303_lab2/NIOS_II/cs303_lab2_bsp/\libhal_bsp.a(altera_avalon_uart_init.o)
 .debug_info    0x00000000000035c2      0x319 C:/Users/narus/Documents/University/PART_III/SEM_2/COMPSYS_303/Labs/Lab2/lab2Remote/cs303_lab2/NIOS_II/cs303_lab2_bsp/\libhal_bsp.a(altera_avalon_uart_read.o)
 .debug_info    0x00000000000038db      0x31e C:/Users/narus/Documents/University/PART_III/SEM_2/COMPSYS_303/Labs/Lab2/lab2Remote/cs303_lab2/NIOS_II/cs303_lab2_bsp/\libhal_bsp.a(altera_avalon_uart_write.o)
 .debug_info    0x0000000000003bf9      0x2cc C:/Users/narus/Documents/University/PART_III/SEM_2/COMPSYS_303/Labs/Lab2/lab2Remote/cs303_lab2/NIOS_II/cs303_lab2_bsp/\libhal_bsp.a(alt_alarm_start.o)
 .debug_info    0x0000000000003ec5      0x321 C:/Users/narus/Documents/University/PART_III/SEM_2/COMPSYS_303/Labs/Lab2/lab2Remote/cs303_lab2/NIOS_II/cs303_lab2_bsp/\libhal_bsp.a(alt_close.o)
 .debug_info    0x00000000000041e6       0xa5 C:/Users/narus/Documents/University/PART_III/SEM_2/COMPSYS_303/Labs/Lab2/lab2Remote/cs303_lab2/NIOS_II/cs303_lab2_bsp/\libhal_bsp.a(alt_dcache_flush_all.o)
 .debug_info    0x000000000000428b      0x49c C:/Users/narus/Documents/University/PART_III/SEM_2/COMPSYS_303/Labs/Lab2/lab2Remote/cs303_lab2/NIOS_II/cs303_lab2_bsp/\libhal_bsp.a(alt_dev.o)
 .debug_info    0x0000000000004727      0x1a9 C:/Users/narus/Documents/University/PART_III/SEM_2/COMPSYS_303/Labs/Lab2/lab2Remote/cs303_lab2/NIOS_II/cs303_lab2_bsp/\libhal_bsp.a(alt_dev_llist_insert.o)
 .debug_info    0x00000000000048d0       0x83 C:/Users/narus/Documents/University/PART_III/SEM_2/COMPSYS_303/Labs/Lab2/lab2Remote/cs303_lab2/NIOS_II/cs303_lab2_bsp/\libhal_bsp.a(alt_do_ctors.o)
 .debug_info    0x0000000000004953       0x83 C:/Users/narus/Documents/University/PART_III/SEM_2/COMPSYS_303/Labs/Lab2/lab2Remote/cs303_lab2/NIOS_II/cs303_lab2_bsp/\libhal_bsp.a(alt_do_dtors.o)
 .debug_info    0x00000000000049d6       0xa6 C:/Users/narus/Documents/University/PART_III/SEM_2/COMPSYS_303/Labs/Lab2/lab2Remote/cs303_lab2/NIOS_II/cs303_lab2_bsp/\libhal_bsp.a(alt_errno.o)
 .debug_info    0x0000000000004a7c       0x92 C:/Users/narus/Documents/University/PART_III/SEM_2/COMPSYS_303/Labs/Lab2/lab2Remote/cs303_lab2/NIOS_II/cs303_lab2_bsp/\libhal_bsp.a(alt_icache_flush_all.o)
 .debug_info    0x0000000000004b0e      0x350 C:/Users/narus/Documents/University/PART_III/SEM_2/COMPSYS_303/Labs/Lab2/lab2Remote/cs303_lab2/NIOS_II/cs303_lab2_bsp/\libhal_bsp.a(alt_iic.o)
 .debug_info    0x0000000000004e5e      0x1ef C:/Users/narus/Documents/University/PART_III/SEM_2/COMPSYS_303/Labs/Lab2/lab2Remote/cs303_lab2/NIOS_II/cs303_lab2_bsp/\libhal_bsp.a(alt_iic_isr_register.o)
 .debug_info    0x000000000000504d      0x4a5 C:/Users/narus/Documents/University/PART_III/SEM_2/COMPSYS_303/Labs/Lab2/lab2Remote/cs303_lab2/NIOS_II/cs303_lab2_bsp/\libhal_bsp.a(alt_io_redirect.o)
 .debug_info    0x00000000000054f2       0xb3 C:/Users/narus/Documents/University/PART_III/SEM_2/COMPSYS_303/Labs/Lab2/lab2Remote/cs303_lab2/NIOS_II/cs303_lab2_bsp/\libhal_bsp.a(alt_irq_entry.o)
 .debug_info    0x00000000000055a5      0x187 C:/Users/narus/Documents/University/PART_III/SEM_2/COMPSYS_303/Labs/Lab2/lab2Remote/cs303_lab2/NIOS_II/cs303_lab2_bsp/\libhal_bsp.a(alt_irq_handler.o)
 .debug_info    0x000000000000572c       0x88 C:/Users/narus/Documents/University/PART_III/SEM_2/COMPSYS_303/Labs/Lab2/lab2Remote/cs303_lab2/NIOS_II/cs303_lab2_bsp/\libhal_bsp.a(alt_irq_vars.o)
 .debug_info    0x00000000000057b4      0x3bb C:/Users/narus/Documents/University/PART_III/SEM_2/COMPSYS_303/Labs/Lab2/lab2Remote/cs303_lab2/NIOS_II/cs303_lab2_bsp/\libhal_bsp.a(alt_open.o)
 .debug_info    0x0000000000005b6f      0x2b0 C:/Users/narus/Documents/University/PART_III/SEM_2/COMPSYS_303/Labs/Lab2/lab2Remote/cs303_lab2/NIOS_II/cs303_lab2_bsp/\libhal_bsp.a(alt_release_fd.o)
 .debug_info    0x0000000000005e1f      0x299 C:/Users/narus/Documents/University/PART_III/SEM_2/COMPSYS_303/Labs/Lab2/lab2Remote/cs303_lab2/NIOS_II/cs303_lab2_bsp/\libhal_bsp.a(alt_tick.o)
 .debug_info    0x00000000000060b8       0xb0 C:/Users/narus/Documents/University/PART_III/SEM_2/COMPSYS_303/Labs/Lab2/lab2Remote/cs303_lab2/NIOS_II/cs303_lab2_bsp/\libhal_bsp.a(alt_usleep.o)
 .debug_info    0x0000000000006168       0x92 C:/Users/narus/Documents/University/PART_III/SEM_2/COMPSYS_303/Labs/Lab2/lab2Remote/cs303_lab2/NIOS_II/cs303_lab2_bsp/\libhal_bsp.a(altera_nios2_gen2_irq.o)
 .debug_info    0x00000000000061fa       0xd7 C:/Users/narus/Documents/University/PART_III/SEM_2/COMPSYS_303/Labs/Lab2/lab2Remote/cs303_lab2/NIOS_II/cs303_lab2_bsp/\libhal_bsp.a(alt_busy_sleep.o)
 .debug_info    0x00000000000062d1       0xb9 C:/Users/narus/Documents/University/PART_III/SEM_2/COMPSYS_303/Labs/Lab2/lab2Remote/cs303_lab2/NIOS_II/cs303_lab2_bsp/\libhal_bsp.a(alt_exception_entry.o)
 .debug_info    0x000000000000638a      0x2e9 C:/Users/narus/Documents/University/PART_III/SEM_2/COMPSYS_303/Labs/Lab2/lab2Remote/cs303_lab2/NIOS_II/cs303_lab2_bsp/\libhal_bsp.a(alt_find_dev.o)
 .debug_info    0x0000000000006673      0x2e6 C:/Users/narus/Documents/University/PART_III/SEM_2/COMPSYS_303/Labs/Lab2/lab2Remote/cs303_lab2/NIOS_II/cs303_lab2_bsp/\libhal_bsp.a(alt_find_file.o)
 .debug_info    0x0000000000006959      0x310 C:/Users/narus/Documents/University/PART_III/SEM_2/COMPSYS_303/Labs/Lab2/lab2Remote/cs303_lab2/NIOS_II/cs303_lab2_bsp/\libhal_bsp.a(alt_get_fd.o)
 .debug_info    0x0000000000006c69       0xdc C:/Users/narus/Documents/University/PART_III/SEM_2/COMPSYS_303/Labs/Lab2/lab2Remote/cs303_lab2/NIOS_II/cs303_lab2_bsp/\libhal_bsp.a(alt_icache_flush.o)
 .debug_info    0x0000000000006d45      0x1e7 C:/Users/narus/Documents/University/PART_III/SEM_2/COMPSYS_303/Labs/Lab2/lab2Remote/cs303_lab2/NIOS_II/cs303_lab2_bsp/\libhal_bsp.a(alt_instruction_exception_entry.o)
 .debug_info    0x0000000000006f2c       0xfe c:/intelfpga_lite/18.1/nios2eds/bin/gnu/h-x86_64-mingw32/bin/../lib/gcc/nios2-elf/5.3.0/../../../../../H-x86_64-mingw32/nios2-elf/lib\libc.a(lib_a-atexit.o)
 .debug_info    0x000000000000702a       0x96 c:/intelfpga_lite/18.1/nios2eds/bin/gnu/h-x86_64-mingw32/bin/../lib/gcc/nios2-elf/5.3.0/../../../../../H-x86_64-mingw32/nios2-elf/lib\libc.a(lib_a-ctype_.o)
 .debug_info    0x00000000000070c0      0x8e4 c:/intelfpga_lite/18.1/nios2eds/bin/gnu/h-x86_64-mingw32/bin/../lib/gcc/nios2-elf/5.3.0/../../../../../H-x86_64-mingw32/nios2-elf/lib\libc.a(lib_a-exit.o)
 .debug_info    0x00000000000079a4      0x8a1 c:/intelfpga_lite/18.1/nios2eds/bin/gnu/h-x86_64-mingw32/bin/../lib/gcc/nios2-elf/5.3.0/../../../../../H-x86_64-mingw32/nios2-elf/lib\libc.a(lib_a-impure.o)
 .debug_info    0x0000000000008245       0x8a c:/intelfpga_lite/18.1/nios2eds/bin/gnu/h-x86_64-mingw32/bin/../lib/gcc/nios2-elf/5.3.0/../../../../../H-x86_64-mingw32/nios2-elf/lib\libc.a(lib_a-int_errno.o)
 .debug_info    0x00000000000082cf      0x11a c:/intelfpga_lite/18.1/nios2eds/bin/gnu/h-x86_64-mingw32/bin/../lib/gcc/nios2-elf/5.3.0/../../../../../H-x86_64-mingw32/nios2-elf/lib\libc.a(lib_a-memcmp.o)
 .debug_info    0x00000000000083e9      0x144 c:/intelfpga_lite/18.1/nios2eds/bin/gnu/h-x86_64-mingw32/bin/../lib/gcc/nios2-elf/5.3.0/../../../../../H-x86_64-mingw32/nios2-elf/lib\libc.a(lib_a-memcpy.o)
 .debug_info    0x000000000000852d      0x121 c:/intelfpga_lite/18.1/nios2eds/bin/gnu/h-x86_64-mingw32/bin/../lib/gcc/nios2-elf/5.3.0/../../../../../H-x86_64-mingw32/nios2-elf/lib\libc.a(lib_a-memset.o)
 .debug_info    0x000000000000864e       0xe2 c:/intelfpga_lite/18.1/nios2eds/bin/gnu/h-x86_64-mingw32/bin/../lib/gcc/nios2-elf/5.3.0/../../../../../H-x86_64-mingw32/nios2-elf/lib\libc.a(lib_a-strlen.o)
 .debug_info    0x0000000000008730      0x934 c:/intelfpga_lite/18.1/nios2eds/bin/gnu/h-x86_64-mingw32/bin/../lib/gcc/nios2-elf/5.3.0/../../../../../H-x86_64-mingw32/nios2-elf/lib\libc.a(lib_a-__atexit.o)
 .debug_info    0x0000000000009064      0x965 c:/intelfpga_lite/18.1/nios2eds/bin/gnu/h-x86_64-mingw32/bin/../lib/gcc/nios2-elf/5.3.0/../../../../../H-x86_64-mingw32/nios2-elf/lib\libc.a(lib_a-__call_atexit.o)
 .debug_info    0x00000000000099c9      0x2c6 c:/intelfpga_lite/18.1/nios2eds/bin/gnu/h-x86_64-mingw32/bin/../lib/gcc/nios2-elf/5.3.0\libgcc.a(lib2-divmod.o)
 .debug_info    0x0000000000009c8f       0xec C:/Users/narus/Documents/University/PART_III/SEM_2/COMPSYS_303/Labs/Lab2/lab2Remote/cs303_lab2/NIOS_II/cs303_lab2_bsp/\libhal_bsp.a(alt_exit.o)

.debug_abbrev   0x0000000000000000     0x374d
 *(.debug_abbrev)
 .debug_abbrev  0x0000000000000000       0x12 C:/Users/narus/Documents/University/PART_III/SEM_2/COMPSYS_303/Labs/Lab2/lab2Remote/cs303_lab2/NIOS_II/cs303_lab2_bsp//obj/HAL/src/crt0.o
 .debug_abbrev  0x0000000000000012       0x9d obj/default/hello_world.o
 .debug_abbrev  0x00000000000000af       0xa1 obj/default/sccharts.o
 .debug_abbrev  0x0000000000000150       0x9f C:/Users/narus/Documents/University/PART_III/SEM_2/COMPSYS_303/Labs/Lab2/lab2Remote/cs303_lab2/NIOS_II/cs303_lab2_bsp/\libhal_bsp.a(alt_load.o)
 .debug_abbrev  0x00000000000001ef       0xba C:/Users/narus/Documents/University/PART_III/SEM_2/COMPSYS_303/Labs/Lab2/lab2Remote/cs303_lab2/NIOS_II/cs303_lab2_bsp/\libhal_bsp.a(alt_main.o)
 .debug_abbrev  0x00000000000002a9      0x19f C:/Users/narus/Documents/University/PART_III/SEM_2/COMPSYS_303/Labs/Lab2/lab2Remote/cs303_lab2/NIOS_II/cs303_lab2_bsp/\libhal_bsp.a(alt_sys_init.o)
 .debug_abbrev  0x0000000000000448      0x127 C:/Users/narus/Documents/University/PART_III/SEM_2/COMPSYS_303/Labs/Lab2/lab2Remote/cs303_lab2/NIOS_II/cs303_lab2_bsp/\libhal_bsp.a(altera_avalon_jtag_uart_fd.o)
 .debug_abbrev  0x000000000000056f      0x19e C:/Users/narus/Documents/University/PART_III/SEM_2/COMPSYS_303/Labs/Lab2/lab2Remote/cs303_lab2/NIOS_II/cs303_lab2_bsp/\libhal_bsp.a(altera_avalon_jtag_uart_init.o)